../Core/Inc/BaseSystem.h:50:6:Reset	4	static
../Core/Inc/BaseSystem.h:54:6:easyCase	4	static
../Core/Inc/BaseSystem.h:61:6:Heartbeat	4	static
../Core/Inc/BaseSystem.h:65:6:Routine	4	static
../Core/Inc/BaseSystem.h:79:6:Vacuum	4	static
../Core/Inc/BaseSystem.h:88:6:GripperMovement	4	static
../Core/Inc/BaseSystem.h:97:6:SetShelves	4	static
../Core/Inc/BaseSystem.h:116:6:RunPoint	4	static
../Core/Inc/BaseSystem.h:128:6:SetHome	4	static
../Core/Inc/BaseSystem.h:138:6:RunJog	4	static
../Core/Src/main.c:135:5:main	8	static
../Core/Src/main.c:258:6:SystemClock_Config	88	static
../Core/Src/main.c:305:13:MX_TIM2_Init	56	static
../Core/Src/main.c:354:13:MX_TIM3_Init	64	static
../Core/Src/main.c:417:13:MX_TIM4_Init	40	static
../Core/Src/main.c:462:13:MX_TIM5_Init	40	static
../Core/Src/main.c:507:13:MX_TIM16_Init	8	static
../Core/Src/main.c:543:13:MX_UART4_Init	8	static
../Core/Src/main.c:591:13:MX_USART2_UART_Init	8	static
../Core/Src/main.c:637:13:MX_DMA_Init	16	static
../Core/Src/main.c:659:13:MX_GPIO_Init	48	static
../Core/Src/main.c:697:6:HAL_TIM_PeriodElapsedCallback	24	static
../Core/Src/main.c:709:10:micros	12	static
../Core/Src/main.c:714:6:QEIEncoderPosVel_Update	24	static
../Core/Src/main.c:736:6:PS2X_Reader	24	static
../Core/Src/main.c:944:6:QEIEncoder	24	static
../Core/Src/main.c:955:6:SystemIden	16	static
../Core/Src/main.c:1001:6:Error_Handler	4	static,ignoring_inline_asm
