../Core/Inc/BaseSystem.h:37:6:Heartbeat	4	static
../Core/Inc/BaseSystem.h:41:6:Routine	4	static
../Core/Inc/BaseSystem.h:54:6:Vacuum	4	static
../Core/Inc/BaseSystem.h:63:6:GripperMovement	4	static
../Core/Inc/BaseSystem.h:72:6:SetShelves	8	static
../Core/Inc/BaseSystem.h:102:6:SetGoalPoint	4	static
../Core/Inc/BaseSystem.h:109:6:RunPointMode	8	static
../Core/Inc/BaseSystem.h:119:6:SetHome	8	static
../Core/Inc/BaseSystem.h:133:6:SetPickPlace	4	static
../Core/Inc/BaseSystem.h:141:6:RunJogMode	8	static
../Core/Src/main.c:135:5:main	8	static
../Core/Src/main.c:215:6:SystemClock_Config	88	static
../Core/Src/main.c:262:13:MX_TIM2_Init	56	static
../Core/Src/main.c:311:13:MX_TIM3_Init	64	static
../Core/Src/main.c:374:13:MX_TIM4_Init	40	static
../Core/Src/main.c:419:13:MX_TIM5_Init	40	static
../Core/Src/main.c:464:13:MX_TIM16_Init	8	static
../Core/Src/main.c:500:13:MX_UART4_Init	8	static
../Core/Src/main.c:548:13:MX_USART2_UART_Init	8	static
../Core/Src/main.c:594:13:MX_DMA_Init	16	static
../Core/Src/main.c:616:13:MX_GPIO_Init	48	static
../Core/Src/main.c:654:6:HAL_TIM_PeriodElapsedCallback	24	static
../Core/Src/main.c:666:10:micros	12	static
../Core/Src/main.c:671:6:QEIEncoderPosVel_Update	24	static
../Core/Src/main.c:693:6:PS2X_Reader	24	static
../Core/Src/main.c:901:6:QEIEncoder	24	static
../Core/Src/main.c:912:6:SystemIden	16	static
../Core/Src/main.c:958:6:Error_Handler	4	static,ignoring_inline_asm
