Archive member included to satisfy reference by file (symbol)

C:/ST/STM32CubeIDE_1.14.1/STM32CubeIDE/plugins/com.st.stm32cube.ide.mcu.externaltools.gnu-tools-for-stm32.12.3.rel1.win32_1.0.100.202403111256/tools/bin/../lib/gcc/arm-none-eabi/12.3.1/../../../../arm-none-eabi/lib/thumb/v7e-m+fp/hard\libc_nano.a(libc_a-exit.o)
                              C:/ST/STM32CubeIDE_1.14.1/STM32CubeIDE/plugins/com.st.stm32cube.ide.mcu.externaltools.gnu-tools-for-stm32.12.3.rel1.win32_1.0.100.202403111256/tools/bin/../lib/gcc/arm-none-eabi/12.3.1/../../../../arm-none-eabi/lib/thumb/v7e-m+fp/hard/crt0.o (exit)
C:/ST/STM32CubeIDE_1.14.1/STM32CubeIDE/plugins/com.st.stm32cube.ide.mcu.externaltools.gnu-tools-for-stm32.12.3.rel1.win32_1.0.100.202403111256/tools/bin/../lib/gcc/arm-none-eabi/12.3.1/../../../../arm-none-eabi/lib/thumb/v7e-m+fp/hard\libc_nano.a(libc_a-findfp.o)
                              C:/ST/STM32CubeIDE_1.14.1/STM32CubeIDE/plugins/com.st.stm32cube.ide.mcu.externaltools.gnu-tools-for-stm32.12.3.rel1.win32_1.0.100.202403111256/tools/bin/../lib/gcc/arm-none-eabi/12.3.1/../../../../arm-none-eabi/lib/thumb/v7e-m+fp/hard\libc_nano.a(libc_a-exit.o) (__stdio_exit_handler)
C:/ST/STM32CubeIDE_1.14.1/STM32CubeIDE/plugins/com.st.stm32cube.ide.mcu.externaltools.gnu-tools-for-stm32.12.3.rel1.win32_1.0.100.202403111256/tools/bin/../lib/gcc/arm-none-eabi/12.3.1/../../../../arm-none-eabi/lib/thumb/v7e-m+fp/hard\libc_nano.a(libc_a-fwalk.o)
                              C:/ST/STM32CubeIDE_1.14.1/STM32CubeIDE/plugins/com.st.stm32cube.ide.mcu.externaltools.gnu-tools-for-stm32.12.3.rel1.win32_1.0.100.202403111256/tools/bin/../lib/gcc/arm-none-eabi/12.3.1/../../../../arm-none-eabi/lib/thumb/v7e-m+fp/hard\libc_nano.a(libc_a-findfp.o) (_fwalk_sglue)
C:/ST/STM32CubeIDE_1.14.1/STM32CubeIDE/plugins/com.st.stm32cube.ide.mcu.externaltools.gnu-tools-for-stm32.12.3.rel1.win32_1.0.100.202403111256/tools/bin/../lib/gcc/arm-none-eabi/12.3.1/../../../../arm-none-eabi/lib/thumb/v7e-m+fp/hard\libc_nano.a(libc_a-stdio.o)
                              C:/ST/STM32CubeIDE_1.14.1/STM32CubeIDE/plugins/com.st.stm32cube.ide.mcu.externaltools.gnu-tools-for-stm32.12.3.rel1.win32_1.0.100.202403111256/tools/bin/../lib/gcc/arm-none-eabi/12.3.1/../../../../arm-none-eabi/lib/thumb/v7e-m+fp/hard\libc_nano.a(libc_a-findfp.o) (__sread)
C:/ST/STM32CubeIDE_1.14.1/STM32CubeIDE/plugins/com.st.stm32cube.ide.mcu.externaltools.gnu-tools-for-stm32.12.3.rel1.win32_1.0.100.202403111256/tools/bin/../lib/gcc/arm-none-eabi/12.3.1/../../../../arm-none-eabi/lib/thumb/v7e-m+fp/hard\libc_nano.a(libc_a-memset.o)
                              C:/ST/STM32CubeIDE_1.14.1/STM32CubeIDE/plugins/com.st.stm32cube.ide.mcu.externaltools.gnu-tools-for-stm32.12.3.rel1.win32_1.0.100.202403111256/tools/bin/../lib/gcc/arm-none-eabi/12.3.1/../../../../arm-none-eabi/lib/thumb/v7e-m+fp/hard/crt0.o (memset)
C:/ST/STM32CubeIDE_1.14.1/STM32CubeIDE/plugins/com.st.stm32cube.ide.mcu.externaltools.gnu-tools-for-stm32.12.3.rel1.win32_1.0.100.202403111256/tools/bin/../lib/gcc/arm-none-eabi/12.3.1/../../../../arm-none-eabi/lib/thumb/v7e-m+fp/hard\libc_nano.a(libc_a-closer.o)
                              C:/ST/STM32CubeIDE_1.14.1/STM32CubeIDE/plugins/com.st.stm32cube.ide.mcu.externaltools.gnu-tools-for-stm32.12.3.rel1.win32_1.0.100.202403111256/tools/bin/../lib/gcc/arm-none-eabi/12.3.1/../../../../arm-none-eabi/lib/thumb/v7e-m+fp/hard\libc_nano.a(libc_a-stdio.o) (_close_r)
C:/ST/STM32CubeIDE_1.14.1/STM32CubeIDE/plugins/com.st.stm32cube.ide.mcu.externaltools.gnu-tools-for-stm32.12.3.rel1.win32_1.0.100.202403111256/tools/bin/../lib/gcc/arm-none-eabi/12.3.1/../../../../arm-none-eabi/lib/thumb/v7e-m+fp/hard\libc_nano.a(libc_a-reent.o)
                              C:/ST/STM32CubeIDE_1.14.1/STM32CubeIDE/plugins/com.st.stm32cube.ide.mcu.externaltools.gnu-tools-for-stm32.12.3.rel1.win32_1.0.100.202403111256/tools/bin/../lib/gcc/arm-none-eabi/12.3.1/../../../../arm-none-eabi/lib/thumb/v7e-m+fp/hard\libc_nano.a(libc_a-closer.o) (errno)
C:/ST/STM32CubeIDE_1.14.1/STM32CubeIDE/plugins/com.st.stm32cube.ide.mcu.externaltools.gnu-tools-for-stm32.12.3.rel1.win32_1.0.100.202403111256/tools/bin/../lib/gcc/arm-none-eabi/12.3.1/../../../../arm-none-eabi/lib/thumb/v7e-m+fp/hard\libc_nano.a(libc_a-impure.o)
                              C:/ST/STM32CubeIDE_1.14.1/STM32CubeIDE/plugins/com.st.stm32cube.ide.mcu.externaltools.gnu-tools-for-stm32.12.3.rel1.win32_1.0.100.202403111256/tools/bin/../lib/gcc/arm-none-eabi/12.3.1/../../../../arm-none-eabi/lib/thumb/v7e-m+fp/hard\libc_nano.a(libc_a-reent.o) (_impure_ptr)
C:/ST/STM32CubeIDE_1.14.1/STM32CubeIDE/plugins/com.st.stm32cube.ide.mcu.externaltools.gnu-tools-for-stm32.12.3.rel1.win32_1.0.100.202403111256/tools/bin/../lib/gcc/arm-none-eabi/12.3.1/../../../../arm-none-eabi/lib/thumb/v7e-m+fp/hard\libc_nano.a(libc_a-lseekr.o)
[...]
Memory Configuration

Name             Origin             Length             Attributes
RAM              0x20000000         0x00020000         xrw
FLASH            0x08000000         0x00080000         xr
*default*        0x00000000         0xffffffff

Linker script and memory map

LOAD C:/ST/STM32CubeIDE_1.14.1/STM32CubeIDE/plugins/com.st.stm32cube.ide.mcu.externaltools.gnu-tools-for-stm32.12.3.rel1.win32_1.0.100.202403111256/tools/bin/../lib/gcc/arm-none-eabi/12.3.1/thumb/v7e-m+fp/hard/crti.o
LOAD C:/ST/STM32CubeIDE_1.14.1/STM32CubeIDE/plugins/com.st.stm32cube.ide.mcu.externaltools.gnu-tools-for-stm32.12.3.rel1.win32_1.0.100.202403111256/tools/bin/../lib/gcc/arm-none-eabi/12.3.1/thumb/v7e-m+fp/hard/crtbegin.o
LOAD C:/ST/STM32CubeIDE_1.14.1/STM32CubeIDE/plugins/com.st.stm32cube.ide.mcu.externaltools.gnu-tools-for-stm32.12.3.rel1.win32_1.0.100.202403111256/tools/bin/../lib/gcc/arm-none-eabi/12.3.1/../../../../arm-none-eabi/lib/thumb/v7e-m+fp/hard/crt0.o
LOAD ./Core/Src/ModBusRTU.o
LOAD ./Core/Src/main.o
LOAD ./Core/Src/stm32g4xx_hal_msp.o
LOAD ./Core/Src/stm32g4xx_it.o
LOAD ./Core/Src/syscalls.o
LOAD ./Core/Src/sysmem.o
LOAD ./Core/Src/system_stm32g4xx.o
LOAD ./Core/Startup/startup_stm32g474retx.o
LOAD ./Drivers/STM32G4xx_HAL_Driver/Src/stm32g4xx_hal.o
LOAD ./Drivers/STM32G4xx_HAL_Driver/Src/stm32g4xx_hal_cortex.o
LOAD ./Drivers/STM32G4xx_HAL_Driver/Src/stm32g4xx_hal_dma.o
LOAD ./Drivers/STM32G4xx_HAL_Driver/Src/stm32g4xx_hal_dma_ex.o
LOAD ./Drivers/STM32G4xx_HAL_Driver/Src/stm32g4xx_hal_exti.o
LOAD ./Drivers/STM32G4xx_HAL_Driver/Src/stm32g4xx_hal_flash.o
LOAD ./Drivers/STM32G4xx_HAL_Driver/Src/stm32g4xx_hal_flash_ex.o
LOAD ./Drivers/STM32G4xx_HAL_Driver/Src/stm32g4xx_hal_flash_ramfunc.o
LOAD ./Drivers/STM32G4xx_HAL_Driver/Src/stm32g4xx_hal_gpio.o
LOAD ./Drivers/STM32G4xx_HAL_Driver/Src/stm32g4xx_hal_pwr.o
LOAD ./Drivers/STM32G4xx_HAL_Driver/Src/stm32g4xx_hal_pwr_ex.o
LOAD ./Drivers/STM32G4xx_HAL_Driver/Src/stm32g4xx_hal_rcc.o
LOAD ./Drivers/STM32G4xx_HAL_Driver/Src/stm32g4xx_hal_rcc_ex.o
LOAD ./Drivers/STM32G4xx_HAL_Driver/Src/stm32g4xx_hal_tim.o
LOAD ./Drivers/STM32G4xx_HAL_Driver/Src/stm32g4xx_hal_tim_ex.o
LOAD ./Drivers/STM32G4xx_HAL_Driver/Src/stm32g4xx_hal_uart.o
LOAD ./Drivers/STM32G4xx_HAL_Driver/Src/stm32g4xx_hal_uart_ex.o
START GROUP
LOAD C:/ST/STM32CubeIDE_1.14.1/STM32CubeIDE/plugins/com.st.stm32cube.ide.mcu.externaltools.gnu-tools-for-stm32.12.3.rel1.win32_1.0.100.202403111256/tools/bin/../lib/gcc/arm-none-eabi/12.3.1/../../../../arm-none-eabi/lib/thumb/v7e-m+fp/hard\libc_nano.a
LOAD C:/ST/STM32CubeIDE_1.14.1/STM32CubeIDE/plugins/com.st.stm32cube.ide.mcu.externaltools.gnu-tools-for-stm32.12.3.rel1.win32_1.0.100.202403111256/tools/bin/../lib/gcc/arm-none-eabi/12.3.1/../../../../arm-none-eabi/lib/thumb/v7e-m+fp/hard\libm.a
END GROUP
START GROUP
LOAD C:/ST/STM32CubeIDE_1.14.1/STM32CubeIDE/plugins/com.st.stm32cube.ide.mcu.externaltools.gnu-tools-for-stm32.12.3.rel1.win32_1.0.100.202403111256/tools/bin/../lib/gcc/arm-none-eabi/12.3.1/thumb/v7e-m+fp/hard\libgcc.a
LOAD C:/ST/STM32CubeIDE_1.14.1/STM32CubeIDE/plugins/com.st.stm32cube.ide.mcu.externaltools.gnu-tools-for-stm32.12.3.rel1.win32_1.0.100.202403111256/tools/bin/../lib/gcc/arm-none-eabi/12.3.1/../../../../arm-none-eabi/lib/thumb/v7e-m+fp/hard\libc_nano.a
END GROUP
START GROUP
LOAD C:/ST/STM32CubeIDE_1.14.1/STM32CubeIDE/plugins/com.st.stm32cube.ide.mcu.externaltools.gnu-tools-for-stm32.12.3.rel1.win32_1.0.100.202403111256/tools/bin/../lib/gcc/arm-none-eabi/12.3.1/thumb/v7e-m+fp/hard\libgcc.a
LOAD C:/ST/STM32CubeIDE_1.14.1/STM32CubeIDE/plugins/com.st.stm32cube.ide.mcu.externaltools.gnu-tools-for-stm32.12.3.rel1.win32_1.0.100.202403111256/tools/bin/../lib/gcc/arm-none-eabi/12.3.1/../../../../arm-none-eabi/lib/thumb/v7e-m+fp/hard\libc_nano.a
LOAD C:/ST/STM32CubeIDE_1.14.1/STM32CubeIDE/plugins/com.st.stm32cube.ide.mcu.externaltools.gnu-tools-for-stm32.12.3.rel1.win32_1.0.100.202403111256/tools/bin/../lib/gcc/arm-none-eabi/12.3.1/../../../../arm-none-eabi/lib/thumb/v7e-m+fp/hard\libnosys.a
END GROUP
START GROUP
LOAD C:/ST/STM32CubeIDE_1.14.1/STM32CubeIDE/plugins/com.st.stm32cube.ide.mcu.externaltools.gnu-tools-for-stm32.12.3.rel1.win32_1.0.100.202403111256/tools/bin/../lib/gcc/arm-none-eabi/12.3.1/thumb/v7e-m+fp/hard\libgcc.a
LOAD C:/ST/STM32CubeIDE_1.14.1/STM32CubeIDE/plugins/com.st.stm32cube.ide.mcu.externaltools.gnu-tools-for-stm32.12.3.rel1.win32_1.0.100.202403111256/tools/bin/../lib/gcc/arm-none-eabi/12.3.1/../../../../arm-none-eabi/lib/thumb/v7e-m+fp/hard\libc_nano.a
LOAD C:/ST/STM32CubeIDE_1.14.1/STM32CubeIDE/plugins/com.st.stm32cube.ide.mcu.externaltools.gnu-tools-for-stm32.12.3.rel1.win32_1.0.100.202403111256/tools/bin/../lib/gcc/arm-none-eabi/12.3.1/../../../../arm-none-eabi/lib/thumb/v7e-m+fp/hard\libnosys.a
END GROUP
LOAD C:/ST/STM32CubeIDE_1.14.1/STM32CubeIDE/plugins/com.st.stm32cube.ide.mcu.externaltools.gnu-tools-for-stm32.12.3.rel1.win32_1.0.100.202403111256/tools/bin/../lib/gcc/arm-none-eabi/12.3.1/thumb/v7e-m+fp/hard/crtend.o
LOAD C:/ST/STM32CubeIDE_1.14.1/STM32CubeIDE/plugins/com.st.stm32cube.ide.mcu.externaltools.gnu-tools-for-stm32.12.3.rel1.win32_1.0.100.202403111256/tools/bin/../lib/gcc/arm-none-eabi/12.3.1/thumb/v7e-m+fp/hard/crtn.o
                0x20020000                        _estack = (ORIGIN (RAM) + LENGTH (RAM))
                0x00000200                        _Min_Heap_Size = 0x200
                0x00000400                        _Min_Stack_Size = 0x400

.isr_vector     0x08000000      0x1d8
                0x08000000                        . = ALIGN (0x4)
 *(.isr_vector)
 .isr_vector    0x08000000      0x1d8 ./Core/Startup/startup_stm32g474retx.o
                0x08000000                g_pfnVectors
                0x080001d8                        . = ALIGN (0x4)

.text           0x080001d8     0x7f04
                0x080001d8                        . = ALIGN (0x4)
 *(.text)
 .text          0x080001d8       0x40 C:/ST/STM32CubeIDE_1.14.1/STM32CubeIDE/plugins/com.st.stm32cube.ide.mcu.externaltools.gnu-tools-for-stm32.12.3.rel1.win32_1.0.100.202403111256/tools/bin/../lib/gcc/arm-none-eabi/12.3.1/thumb/v7e-m+fp/hard/crtbegin.o
 .text          0x08000218      0x378 C:/ST/STM32CubeIDE_1.14.1/STM32CubeIDE/plugins/com.st.stm32cube.ide.mcu.externaltools.gnu-tools-for-stm32.12.3.rel1.win32_1.0.100.202403111256/tools/bin/../lib/gcc/arm-none-eabi/12.3.1/thumb/v7e-m+fp/hard\libgcc.a(_arm_addsubdf3.o)
                0x08000218                __aeabi_drsub
                0x08000220                __aeabi_dsub
                0x08000220                __subdf3
                0x08000224                __aeabi_dadd
                0x08000224                __adddf3
                0x0800049c                __floatunsidf
                0x0800049c                __aeabi_ui2d
                0x080004bc                __floatsidf
                0x080004bc                __aeabi_i2d
                0x080004e0                __aeabi_f2d
                0x080004e0                __extendsfdf2
                0x08000524                __floatundidf
                0x08000524                __aeabi_ul2d
                0x08000534                __floatdidf
                0x08000534                __aeabi_l2d
 .text          0x08000590      0x424 C:/ST/STM32CubeIDE_1.14.1/STM32CubeIDE/plugins/com.st.stm32cube.ide.mcu.externaltools.gnu-tools-for-stm32.12.3.rel1.win32_1.0.100.202403111256/tools/bin/../lib/gcc/arm-none-eabi/12.3.1/thumb/v7e-m+fp/hard\libgcc.a(_arm_muldivdf3.o)
                0x08000590                __aeabi_dmul
                0x08000590                __muldf3
                0x080007e4                __divdf3
                0x080007e4                __aeabi_ddiv
 .text          0x080009b4       0x50 C:/ST/STM32CubeIDE_1.14.1/STM32CubeIDE/plugins/com.st.stm32cube.ide.mcu.externaltools.gnu-tools-for-stm32.12.3.rel1.win32_1.0.100.202403111256/tools/bin/../lib/gcc/arm-none-eabi/12.3.1/thumb/v7e-m+fp/hard\libgcc.a(_arm_fixdfsi.o)
                0x080009b4                __aeabi_d2iz
                0x080009b4                __fixdfsi
 .text          0x08000a04       0x30 C:/ST/STM32CubeIDE_1.14.1/STM32CubeIDE/plugins/com.st.stm32cube.ide.mcu.externaltools.gnu-tools-for-stm32.12.3.rel1.win32_1.0.100.202403111256/tools/bin/../lib/gcc/arm-none-eabi/12.3.1/thumb/v7e-m+fp/hard\libgcc.a(_aeabi_uldivmod.o)
                0x08000a04                __aeabi_uldivmod
 .text          0x08000a34      0x2bc C:/ST/STM32CubeIDE_1.14.1/STM32CubeIDE/plugins/com.st.stm32cube.ide.mcu.externaltools.gnu-tools-for-stm32.12.3.rel1.win32_1.0.100.202403111256/tools/bin/../lib/gcc/arm-none-eabi/12.3.1/thumb/v7e-m+fp/hard\libgcc.a(_udivmoddi4.o)
                0x08000a34                __udivmoddi4
 .text          0x08000cf0        0x4 C:/ST/STM32CubeIDE_1.14.1/STM32CubeIDE/plugins/com.st.stm32cube.ide.mcu.externaltools.gnu-tools-for-stm32.12.3.rel1.win32_1.0.100.202403111256/tools/bin/../lib/gcc/arm-none-eabi/12.3.1/thumb/v7e-m+fp/hard\libgcc.a(_dvmd_tls.o)
                0x08000cf0                __aeabi_idiv0
                0x08000cf0                __aeabi_ldiv0
 *(.text*)
 .text.modbus_1t5_Timeout
                0x08000cf4       0x40 ./Core/Src/ModBusRTU.o
                0x08000cf4                modbus_1t5_Timeout
 .text.modbus_3t5_Timeout
                0x08000d34       0x20 ./Core/Src/ModBusRTU.o
                0x08000d34                modbus_3t5_Timeout
 .text.modbus_ErrorTimeout
                0x08000d54       0x20 ./Core/Src/ModBusRTU.o
                0x08000d54                modbus_ErrorTimeout
 .text.Modbus_init
                0x08000d74       0xac ./Core/Src/ModBusRTU.o
                0x08000d74                Modbus_init
 .text.CRC16    0x08000e20       0x6c ./Core/Src/ModBusRTU.o
                0x08000e20                CRC16
 .text.Modbus_Protocal_Worker
                0x08000e8c      0x204 ./Core/Src/ModBusRTU.o
                0x08000e8c                Modbus_Protocal_Worker
 .text.modbusWrite1Register
                0x08001090       0x80 ./Core/Src/ModBusRTU.o
                0x08001090                modbusWrite1Register
 .text.modbusRead1Register
                0x08001110       0xec ./Core/Src/ModBusRTU.o
                0x08001110                modbusRead1Register
 .text.ModbusErrorReply
                0x080011fc       0x44 ./Core/Src/ModBusRTU.o
                0x080011fc                ModbusErrorReply
 .text.Modbus_frame_response
                0x08001240       0x30 ./Core/Src/ModBusRTU.o
                0x08001240                Modbus_frame_response
 .text.Modbus_Emission
                0x08001270       0xec ./Core/Src/ModBusRTU.o
                0x08001270                Modbus_Emission
 .text.easyCase
                0x0800135c       0x38 ./Core/Src/main.o
                0x0800135c                easyCase
 .text.Heartbeat
                0x08001394       0x1c ./Core/Src/main.o
                0x08001394                Heartbeat
 .text.Routine  0x080013b0       0x7c ./Core/Src/main.o
                0x080013b0                Routine
 .text.SetShelves
                0x0800142c       0x70 ./Core/Src/main.o
                0x0800142c                SetShelves
 .text.RunPoint
                0x0800149c       0x5c ./Core/Src/main.o
                0x0800149c                RunPoint
 .text.SetHome  0x080014f8       0x44 ./Core/Src/main.o
                0x080014f8                SetHome
 .text.RunJog   0x0800153c       0x5c ./Core/Src/main.o
                0x0800153c                RunJog
 .text.main     0x08001598      0x1a4 ./Core/Src/main.o
                0x08001598                main
 .text.SystemClock_Config
                0x0800173c       0x96 ./Core/Src/main.o
                0x0800173c                SystemClock_Config
 *fill*         0x080017d2        0x2 
 .text.MX_TIM2_Init
                0x080017d4       0xa8 ./Core/Src/main.o
 .text.MX_TIM3_Init
                0x0800187c      0x104 ./Core/Src/main.o
 .text.MX_TIM4_Init
                0x08001980       0xa0 ./Core/Src/main.o
 .text.MX_TIM5_Init
                0x08001a20       0x9c ./Core/Src/main.o
 .text.MX_TIM16_Init
                0x08001abc       0x60 ./Core/Src/main.o
 .text.MX_UART4_Init
                0x08001b1c       0x9c ./Core/Src/main.o
 .text.MX_USART2_UART_Init
                0x08001bb8       0x9c ./Core/Src/main.o
 .text.MX_DMA_Init
                0x08001c54       0x64 ./Core/Src/main.o
 .text.MX_GPIO_Init
                0x08001cb8       0xdc ./Core/Src/main.o
 .text.HAL_TIM_PeriodElapsedCallback
                0x08001d94       0x44 ./Core/Src/main.o
                0x08001d94                HAL_TIM_PeriodElapsedCallback
 .text.PS2X_Reader
                0x08001dd8      0x3a4 ./Core/Src/main.o
                0x08001dd8                PS2X_Reader
 .text.Error_Handler
                0x0800217c        0xc ./Core/Src/main.o
                0x0800217c                Error_Handler
 .text.HAL_MspInit
                0x08002188       0x48 ./Core/Src/stm32g4xx_hal_msp.o
                0x08002188                HAL_MspInit
 .text.HAL_TIM_Encoder_MspInit
                0x080021d0       0x80 ./Core/Src/stm32g4xx_hal_msp.o
                0x080021d0                HAL_TIM_Encoder_MspInit
 .text.HAL_TIM_Base_MspInit
                0x08002250       0xe4 ./Core/Src/stm32g4xx_hal_msp.o
                0x08002250                HAL_TIM_Base_MspInit
 .text.HAL_TIM_MspPostInit
                0x08002334       0x70 ./Core/Src/stm32g4xx_hal_msp.o
                0x08002334                HAL_TIM_MspPostInit
 .text.HAL_UART_MspInit
                0x080023a4      0x1f8 ./Core/Src/stm32g4xx_hal_msp.o
                0x080023a4                HAL_UART_MspInit
 .text.NMI_Handler
                0x0800259c        0x8 ./Core/Src/stm32g4xx_it.o
                0x0800259c                NMI_Handler
 .text.HardFault_Handler
                0x080025a4        0x8 ./Core/Src/stm32g4xx_it.o
                0x080025a4                HardFault_Handler
 .text.MemManage_Handler
                0x080025ac        0x8 ./Core/Src/stm32g4xx_it.o
                0x080025ac                MemManage_Handler
 .text.BusFault_Handler
                0x080025b4        0x8 ./Core/Src/stm32g4xx_it.o
                0x080025b4                BusFault_Handler
 .text.UsageFault_Handler
                0x080025bc        0x8 ./Core/Src/stm32g4xx_it.o
                0x080025bc                UsageFault_Handler
 .text.SVC_Handler
                0x080025c4        0xe ./Core/Src/stm32g4xx_it.o
                0x080025c4                SVC_Handler
 .text.DebugMon_Handler
                0x080025d2        0xe ./Core/Src/stm32g4xx_it.o
                0x080025d2                DebugMon_Handler
 .text.PendSV_Handler
                0x080025e0        0xe ./Core/Src/stm32g4xx_it.o
                0x080025e0                PendSV_Handler
 .text.SysTick_Handler
                0x080025ee        0xc ./Core/Src/stm32g4xx_it.o
                0x080025ee                SysTick_Handler
 *fill*         0x080025fa        0x2 
 .text.DMA1_Channel1_IRQHandler
                0x080025fc       0x14 ./Core/Src/stm32g4xx_it.o
                0x080025fc                DMA1_Channel1_IRQHandler
 .text.DMA1_Channel2_IRQHandler
                0x08002610       0x14 ./Core/Src/stm32g4xx_it.o
                0x08002610                DMA1_Channel2_IRQHandler
 .text.TIM1_UP_TIM16_IRQHandler
                0x08002624       0x14 ./Core/Src/stm32g4xx_it.o
                0x08002624                TIM1_UP_TIM16_IRQHandler
 .text.TIM4_IRQHandler
                0x08002638       0x14 ./Core/Src/stm32g4xx_it.o
                0x08002638                TIM4_IRQHandler
 .text.USART2_IRQHandler
                0x0800264c       0x14 ./Core/Src/stm32g4xx_it.o
                0x0800264c                USART2_IRQHandler
 .text.EXTI15_10_IRQHandler
                0x08002660       0x10 ./Core/Src/stm32g4xx_it.o
                0x08002660                EXTI15_10_IRQHandler
 .text.TIM5_IRQHandler
                0x08002670       0x14 ./Core/Src/stm32g4xx_it.o
                0x08002670                TIM5_IRQHandler
 .text.SystemInit
                0x08002684       0x24 ./Core/Src/system_stm32g4xx.o
                0x08002684                SystemInit
 .text.Reset_Handler
                0x080026a8       0x50 ./Core/Startup/startup_stm32g474retx.o
                0x080026a8                Reset_Handler
 .text.Default_Handler
                0x080026f8        0x2 ./Core/Startup/startup_stm32g474retx.o
                0x080026f8                RTC_Alarm_IRQHandler
                0x080026f8                EXTI2_IRQHandler
                0x080026f8                TIM8_TRG_COM_IRQHandler
                0x080026f8                TIM8_CC_IRQHandler
                0x080026f8                HRTIM1_Master_IRQHandler
                0x080026f8                SPI4_IRQHandler
                0x080026f8                FDCAN3_IT0_IRQHandler
                0x080026f8                TIM1_CC_IRQHandler
                0x080026f8                HRTIM1_FLT_IRQHandler
                0x080026f8                HRTIM1_TIMF_IRQHandler
                0x080026f8                USB_HP_IRQHandler
                0x080026f8                CORDIC_IRQHandler
                0x080026f8                HRTIM1_TIMD_IRQHandler
                0x080026f8                DMA2_Channel8_IRQHandler
                0x080026f8                EXTI3_IRQHandler
                0x080026f8                I2C3_ER_IRQHandler
                0x080026f8                EXTI0_IRQHandler
                0x080026f8                I2C2_EV_IRQHandler
                0x080026f8                FPU_IRQHandler
                0x080026f8                FDCAN1_IT1_IRQHandler
                0x080026f8                ADC1_2_IRQHandler
                0x080026f8                HRTIM1_TIME_IRQHandler
                0x080026f8                SPI1_IRQHandler
                0x080026f8                TIM6_DAC_IRQHandler
                0x080026f8                HRTIM1_TIMC_IRQHandler
                0x080026f8                TIM8_UP_IRQHandler
                0x080026f8                DMA2_Channel2_IRQHandler
                0x080026f8                DMA1_Channel4_IRQHandler
                0x080026f8                TIM20_TRG_COM_IRQHandler
                0x080026f8                USART3_IRQHandler
                0x080026f8                DMA1_Channel7_IRQHandler
                0x080026f8                UART5_IRQHandler
                0x080026f8                ADC3_IRQHandler
                0x080026f8                DMA2_Channel1_IRQHandler
                0x080026f8                QUADSPI_IRQHandler
                0x080026f8                I2C1_EV_IRQHandler
                0x080026f8                DMA1_Channel6_IRQHandler
                0x080026f8                UART4_IRQHandler
                0x080026f8                DMA2_Channel4_IRQHandler
                0x080026f8                TIM3_IRQHandler
                0x080026f8                RCC_IRQHandler
                0x080026f8                TIM20_UP_IRQHandler
                0x080026f8                Default_Handler
                0x080026f8                DMA2_Channel7_IRQHandler
                0x080026f8                RTC_TAMP_LSECSS_IRQHandler
                0x080026f8                FMAC_IRQHandler
                0x080026f8                DMA1_Channel8_IRQHandler
                0x080026f8                HRTIM1_TIMA_IRQHandler
                0x080026f8                TIM7_DAC_IRQHandler
                0x080026f8                FDCAN3_IT1_IRQHandler
                0x080026f8                UCPD1_IRQHandler
                0x080026f8                I2C3_EV_IRQHandler
                0x080026f8                EXTI9_5_IRQHandler
                0x080026f8                RTC_WKUP_IRQHandler
                0x080026f8                PVD_PVM_IRQHandler
                0x080026f8                SPI2_IRQHandler
                0x080026f8                ADC5_IRQHandler
                0x080026f8                DMA2_Channel5_IRQHandler
                0x080026f8                CRS_IRQHandler
                0x080026f8                DMA1_Channel5_IRQHandler
                0x080026f8                USB_LP_IRQHandler
                0x080026f8                EXTI4_IRQHandler
                0x080026f8                RNG_IRQHandler
                0x080026f8                HRTIM1_TIMB_IRQHandler
                0x080026f8                TIM1_TRG_COM_TIM17_IRQHandler
                0x080026f8                FDCAN2_IT1_IRQHandler
                0x080026f8                DMA1_Channel3_IRQHandler
                0x080026f8                ADC4_IRQHandler
                0x080026f8                WWDG_IRQHandler
                0x080026f8                I2C4_EV_IRQHandler
                0x080026f8                FDCAN2_IT0_IRQHandler
                0x080026f8                LPUART1_IRQHandler
                0x080026f8                DMA2_Channel6_IRQHandler
                0x080026f8                FDCAN1_IT0_IRQHandler
                0x080026f8                TIM2_IRQHandler
                0x080026f8                COMP7_IRQHandler
                0x080026f8                COMP1_2_3_IRQHandler
                0x080026f8                EXTI1_IRQHandler
                0x080026f8                COMP4_5_6_IRQHandler
                0x080026f8                TIM20_BRK_IRQHandler
                0x080026f8                I2C2_ER_IRQHandler
                0x080026f8                TIM8_BRK_IRQHandler
                0x080026f8                FLASH_IRQHandler
                0x080026f8                TIM20_CC_IRQHandler
                0x080026f8                USART1_IRQHandler
                0x080026f8                SPI3_IRQHandler
                0x080026f8                I2C1_ER_IRQHandler
                0x080026f8                FMC_IRQHandler
                0x080026f8                LPTIM1_IRQHandler
                0x080026f8                DMAMUX_OVR_IRQHandler
                0x080026f8                I2C4_ER_IRQHandler
                0x080026f8                USBWakeUp_IRQHandler
                0x080026f8                SAI1_IRQHandler
                0x080026f8                DMA2_Channel3_IRQHandler
                0x080026f8                TIM1_BRK_TIM15_IRQHandler
 .text.HAL_Init
                0x080026fa       0x30 ./Drivers/STM32G4xx_HAL_Driver/Src/stm32g4xx_hal.o
                0x080026fa                HAL_Init
 *fill*         0x0800272a        0x2 
 .text.HAL_InitTick
                0x0800272c       0x74 ./Drivers/STM32G4xx_HAL_Driver/Src/stm32g4xx_hal.o
                0x0800272c                HAL_InitTick
 .text.HAL_IncTick
                0x080027a0       0x24 ./Drivers/STM32G4xx_HAL_Driver/Src/stm32g4xx_hal.o
                0x080027a0                HAL_IncTick
 .text.HAL_GetTick
                0x080027c4       0x18 ./Drivers/STM32G4xx_HAL_Driver/Src/stm32g4xx_hal.o
                0x080027c4                HAL_GetTick
 .text.__NVIC_SetPriorityGrouping
                0x080027dc       0x48 ./Drivers/STM32G4xx_HAL_Driver/Src/stm32g4xx_hal_cortex.o
 .text.__NVIC_GetPriorityGrouping
                0x08002824       0x1c ./Drivers/STM32G4xx_HAL_Driver/Src/stm32g4xx_hal_cortex.o
 .text.__NVIC_EnableIRQ
                0x08002840       0x3c ./Drivers/STM32G4xx_HAL_Driver/Src/stm32g4xx_hal_cortex.o
 .text.__NVIC_SetPriority
                0x0800287c       0x54 ./Drivers/STM32G4xx_HAL_Driver/Src/stm32g4xx_hal_cortex.o
 .text.NVIC_EncodePriority
                0x080028d0       0x66 ./Drivers/STM32G4xx_HAL_Driver/Src/stm32g4xx_hal_cortex.o
 *fill*         0x08002936        0x2 
 .text.SysTick_Config
                0x08002938       0x44 ./Drivers/STM32G4xx_HAL_Driver/Src/stm32g4xx_hal_cortex.o
 .text.HAL_NVIC_SetPriorityGrouping
                0x0800297c       0x16 ./Drivers/STM32G4xx_HAL_Driver/Src/stm32g4xx_hal_cortex.o
                0x0800297c                HAL_NVIC_SetPriorityGrouping
 .text.HAL_NVIC_SetPriority
                0x08002992       0x34 ./Drivers/STM32G4xx_HAL_Driver/Src/stm32g4xx_hal_cortex.o
                0x08002992                HAL_NVIC_SetPriority
 .text.HAL_NVIC_EnableIRQ
                0x080029c6       0x1c ./Drivers/STM32G4xx_HAL_Driver/Src/stm32g4xx_hal_cortex.o
                0x080029c6                HAL_NVIC_EnableIRQ
 .text.HAL_SYSTICK_Config
                0x080029e2       0x18 ./Drivers/STM32G4xx_HAL_Driver/Src/stm32g4xx_hal_cortex.o
                0x080029e2                HAL_SYSTICK_Config
 *fill*         0x080029fa        0x2 
 .text.HAL_DMA_Init
                0x080029fc      0x150 ./Drivers/STM32G4xx_HAL_Driver/Src/stm32g4xx_hal_dma.o
                0x080029fc                HAL_DMA_Init
 .text.HAL_DMA_Start_IT
                0x08002b4c       0xf6 ./Drivers/STM32G4xx_HAL_Driver/Src/stm32g4xx_hal_dma.o
                0x08002b4c                HAL_DMA_Start_IT
 .text.HAL_DMA_Abort
                0x08002c42       0xb2 ./Drivers/STM32G4xx_HAL_Driver/Src/stm32g4xx_hal_dma.o
                0x08002c42                HAL_DMA_Abort
 .text.HAL_DMA_Abort_IT
                0x08002cf4       0xce ./Drivers/STM32G4xx_HAL_Driver/Src/stm32g4xx_hal_dma.o
                0x08002cf4                HAL_DMA_Abort_IT
 .text.HAL_DMA_IRQHandler
                0x08002dc2      0x15e ./Drivers/STM32G4xx_HAL_Driver/Src/stm32g4xx_hal_dma.o
                0x08002dc2                HAL_DMA_IRQHandler
 .text.DMA_SetConfig
                0x08002f20       0x7c ./Drivers/STM32G4xx_HAL_Driver/Src/stm32g4xx_hal_dma.o
 .text.DMA_CalcDMAMUXChannelBaseAndMask
                0x08002f9c       0x7c ./Drivers/STM32G4xx_HAL_Driver/Src/stm32g4xx_hal_dma.o
 .text.DMA_CalcDMAMUXRequestGenBaseAndMask
                0x08003018       0x48 ./Drivers/STM32G4xx_HAL_Driver/Src/stm32g4xx_hal_dma.o
 .text.HAL_GPIO_Init
                0x08003060      0x304 ./Drivers/STM32G4xx_HAL_Driver/Src/stm32g4xx_hal_gpio.o
                0x08003060                HAL_GPIO_Init
 .text.HAL_GPIO_WritePin
                0x08003364       0x30 ./Drivers/STM32G4xx_HAL_Driver/Src/stm32g4xx_hal_gpio.o
                0x08003364                HAL_GPIO_WritePin
 .text.HAL_GPIO_EXTI_IRQHandler
                0x08003394       0x30 ./Drivers/STM32G4xx_HAL_Driver/Src/stm32g4xx_hal_gpio.o
                0x08003394                HAL_GPIO_EXTI_IRQHandler
 .text.HAL_GPIO_EXTI_Callback
                0x080033c4       0x16 ./Drivers/STM32G4xx_HAL_Driver/Src/stm32g4xx_hal_gpio.o
                0x080033c4                HAL_GPIO_EXTI_Callback
 *fill*         0x080033da        0x2 
 .text.HAL_PWREx_ControlVoltageScaling
                0x080033dc      0x148 ./Drivers/STM32G4xx_HAL_Driver/Src/stm32g4xx_hal_pwr_ex.o
                0x080033dc                HAL_PWREx_ControlVoltageScaling
 .text.HAL_PWREx_DisableUCPDDeadBattery
                0x08003524       0x20 ./Drivers/STM32G4xx_HAL_Driver/Src/stm32g4xx_hal_pwr_ex.o
                0x08003524                HAL_PWREx_DisableUCPDDeadBattery
 .text.HAL_RCC_OscConfig
                0x08003544      0x624 ./Drivers/STM32G4xx_HAL_Driver/Src/stm32g4xx_hal_rcc.o
                0x08003544                HAL_RCC_OscConfig
 .text.HAL_RCC_ClockConfig
                0x08003b68      0x278 ./Drivers/STM32G4xx_HAL_Driver/Src/stm32g4xx_hal_rcc.o
                0x08003b68                HAL_RCC_ClockConfig
 .text.HAL_RCC_GetSysClockFreq
                0x08003de0       0xc4 ./Drivers/STM32G4xx_HAL_Driver/Src/stm32g4xx_hal_rcc.o
                0x08003de0                HAL_RCC_GetSysClockFreq
 .text.HAL_RCC_GetHCLKFreq
                0x08003ea4       0x18 ./Drivers/STM32G4xx_HAL_Driver/Src/stm32g4xx_hal_rcc.o
                0x08003ea4                HAL_RCC_GetHCLKFreq
 .text.HAL_RCC_GetPCLK1Freq
                0x08003ebc       0x2c ./Drivers/STM32G4xx_HAL_Driver/Src/stm32g4xx_hal_rcc.o
                0x08003ebc                HAL_RCC_GetPCLK1Freq
 .text.HAL_RCC_GetPCLK2Freq
                0x08003ee8       0x2c ./Drivers/STM32G4xx_HAL_Driver/Src/stm32g4xx_hal_rcc.o
                0x08003ee8                HAL_RCC_GetPCLK2Freq
 .text.RCC_GetSysClockFreqFromPLLSource
                0x08003f14       0x8c ./Drivers/STM32G4xx_HAL_Driver/Src/stm32g4xx_hal_rcc.o
 .text.HAL_RCCEx_PeriphCLKConfig
                0x08003fa0      0x49c ./Drivers/STM32G4xx_HAL_Driver/Src/stm32g4xx_hal_rcc_ex.o
                0x08003fa0                HAL_RCCEx_PeriphCLKConfig
 .text.HAL_TIM_Base_Init
                0x0800443c       0xc8 ./Drivers/STM32G4xx_HAL_Driver/Src/stm32g4xx_hal_tim.o
                0x0800443c                HAL_TIM_Base_Init
 .text.HAL_TIM_Base_Start_IT
                0x08004504       0xf0 ./Drivers/STM32G4xx_HAL_Driver/Src/stm32g4xx_hal_tim.o
                0x08004504                HAL_TIM_Base_Start_IT
 .text.HAL_TIM_PWM_Init
                0x080045f4       0xc8 ./Drivers/STM32G4xx_HAL_Driver/Src/stm32g4xx_hal_tim.o
                0x080045f4                HAL_TIM_PWM_Init
 .text.HAL_TIM_PWM_MspInit
                0x080046bc       0x14 ./Drivers/STM32G4xx_HAL_Driver/Src/stm32g4xx_hal_tim.o
                0x080046bc                HAL_TIM_PWM_MspInit
 .text.HAL_TIM_OnePulse_Init
                0x080046d0       0xbc ./Drivers/STM32G4xx_HAL_Driver/Src/stm32g4xx_hal_tim.o
                0x080046d0                HAL_TIM_OnePulse_Init
 .text.HAL_TIM_OnePulse_MspInit
                0x0800478c       0x14 ./Drivers/STM32G4xx_HAL_Driver/Src/stm32g4xx_hal_tim.o
                0x0800478c                HAL_TIM_OnePulse_MspInit
 .text.HAL_TIM_OnePulse_Start_IT
                0x080047a0      0x11c ./Drivers/STM32G4xx_HAL_Driver/Src/stm32g4xx_hal_tim.o
                0x080047a0                HAL_TIM_OnePulse_Start_IT
 .text.HAL_TIM_Encoder_Init
                0x080048bc      0x168 ./Drivers/STM32G4xx_HAL_Driver/Src/stm32g4xx_hal_tim.o
                0x080048bc                HAL_TIM_Encoder_Init
 .text.HAL_TIM_IRQHandler
                0x08004a24      0x2f2 ./Drivers/STM32G4xx_HAL_Driver/Src/stm32g4xx_hal_tim.o
                0x08004a24                HAL_TIM_IRQHandler
 *fill*         0x08004d16        0x2 
 .text.HAL_TIM_PWM_ConfigChannel
                0x08004d18      0x228 ./Drivers/STM32G4xx_HAL_Driver/Src/stm32g4xx_hal_tim.o
                0x08004d18                HAL_TIM_PWM_ConfigChannel
 .text.HAL_TIM_ConfigClockSource
                0x08004f40      0x22c ./Drivers/STM32G4xx_HAL_Driver/Src/stm32g4xx_hal_tim.o
                0x08004f40                HAL_TIM_ConfigClockSource
 .text.HAL_TIM_PeriodElapsedHalfCpltCallback
                0x0800516c       0x14 ./Drivers/STM32G4xx_HAL_Driver/Src/stm32g4xx_hal_tim.o
                0x0800516c                HAL_TIM_PeriodElapsedHalfCpltCallback
 .text.HAL_TIM_OC_DelayElapsedCallback
                0x08005180       0x14 ./Drivers/STM32G4xx_HAL_Driver/Src/stm32g4xx_hal_tim.o
                0x08005180                HAL_TIM_OC_DelayElapsedCallback
 .text.HAL_TIM_IC_CaptureCallback
                0x08005194       0x14 ./Drivers/STM32G4xx_HAL_Driver/Src/stm32g4xx_hal_tim.o
                0x08005194                HAL_TIM_IC_CaptureCallback
 .text.HAL_TIM_IC_CaptureHalfCpltCallback
                0x080051a8       0x14 ./Drivers/STM32G4xx_HAL_Driver/Src/stm32g4xx_hal_tim.o
                0x080051a8                HAL_TIM_IC_CaptureHalfCpltCallback
 .text.HAL_TIM_PWM_PulseFinishedCallback
                0x080051bc       0x14 ./Drivers/STM32G4xx_HAL_Driver/Src/stm32g4xx_hal_tim.o
                0x080051bc                HAL_TIM_PWM_PulseFinishedCallback
 .text.HAL_TIM_PWM_PulseFinishedHalfCpltCallback
                0x080051d0       0x14 ./Drivers/STM32G4xx_HAL_Driver/Src/stm32g4xx_hal_tim.o
                0x080051d0                HAL_TIM_PWM_PulseFinishedHalfCpltCallback
 .text.HAL_TIM_TriggerCallback
                0x080051e4       0x14 ./Drivers/STM32G4xx_HAL_Driver/Src/stm32g4xx_hal_tim.o
                0x080051e4                HAL_TIM_TriggerCallback
 .text.HAL_TIM_TriggerHalfCpltCallback
                0x080051f8       0x14 ./Drivers/STM32G4xx_HAL_Driver/Src/stm32g4xx_hal_tim.o
                0x080051f8                HAL_TIM_TriggerHalfCpltCallback
 .text.HAL_TIM_ErrorCallback
                0x0800520c       0x14 ./Drivers/STM32G4xx_HAL_Driver/Src/stm32g4xx_hal_tim.o
                0x0800520c                HAL_TIM_ErrorCallback
 .text.HAL_TIM_RegisterCallback
                0x08005220      0x2c0 ./Drivers/STM32G4xx_HAL_Driver/Src/stm32g4xx_hal_tim.o
                0x08005220                HAL_TIM_RegisterCallback
 .text.TIM_Base_SetConfig
                0x080054e0      0x168 ./Drivers/STM32G4xx_HAL_Driver/Src/stm32g4xx_hal_tim.o
                0x080054e0                TIM_Base_SetConfig
 .text.TIM_OC1_SetConfig
                0x08005648      0x134 ./Drivers/STM32G4xx_HAL_Driver/Src/stm32g4xx_hal_tim.o
 .text.TIM_OC2_SetConfig
                0x0800577c      0x128 ./Drivers/STM32G4xx_HAL_Driver/Src/stm32g4xx_hal_tim.o
                0x0800577c                TIM_OC2_SetConfig
 .text.TIM_OC3_SetConfig
                0x080058a4      0x124 ./Drivers/STM32G4xx_HAL_Driver/Src/stm32g4xx_hal_tim.o
 .text.TIM_OC4_SetConfig
                0x080059c8      0x128 ./Drivers/STM32G4xx_HAL_Driver/Src/stm32g4xx_hal_tim.o
 .text.TIM_OC5_SetConfig
                0x08005af0       0xd4 ./Drivers/STM32G4xx_HAL_Driver/Src/stm32g4xx_hal_tim.o
 .text.TIM_OC6_SetConfig
                0x08005bc4       0xd8 ./Drivers/STM32G4xx_HAL_Driver/Src/stm32g4xx_hal_tim.o
 .text.TIM_TI1_ConfigInputStage
                0x08005c9c       0x5e ./Drivers/STM32G4xx_HAL_Driver/Src/stm32g4xx_hal_tim.o
 .text.TIM_TI2_ConfigInputStage
                0x08005cfa       0x60 ./Drivers/STM32G4xx_HAL_Driver/Src/stm32g4xx_hal_tim.o
 .text.TIM_ITRx_SetConfig
                0x08005d5a       0x3a ./Drivers/STM32G4xx_HAL_Driver/Src/stm32g4xx_hal_tim.o
 .text.TIM_ETR_SetConfig
                0x08005d94       0x40 ./Drivers/STM32G4xx_HAL_Driver/Src/stm32g4xx_hal_tim.o
                0x08005d94                TIM_ETR_SetConfig
 .text.TIM_CCxChannelCmd
                0x08005dd4       0x4a ./Drivers/STM32G4xx_HAL_Driver/Src/stm32g4xx_hal_tim.o
                0x08005dd4                TIM_CCxChannelCmd
 *fill*         0x08005e1e        0x2 
 .text.TIM_ResetCallback
                0x08005e20       0xec ./Drivers/STM32G4xx_HAL_Driver/Src/stm32g4xx_hal_tim.o
                0x08005e20                TIM_ResetCallback
 .text.HAL_TIMEx_MasterConfigSynchronization
                0x08005f0c      0x12c ./Drivers/STM32G4xx_HAL_Driver/Src/stm32g4xx_hal_tim_ex.o
                0x08005f0c                HAL_TIMEx_MasterConfigSynchronization
 .text.HAL_TIMEx_CommutCallback
                0x08006038       0x14 ./Drivers/STM32G4xx_HAL_Driver/Src/stm32g4xx_hal_tim_ex.o
                0x08006038                HAL_TIMEx_CommutCallback
 .text.HAL_TIMEx_CommutHalfCpltCallback
                0x0800604c       0x14 ./Drivers/STM32G4xx_HAL_Driver/Src/stm32g4xx_hal_tim_ex.o
                0x0800604c                HAL_TIMEx_CommutHalfCpltCallback
 .text.HAL_TIMEx_BreakCallback
                0x08006060       0x14 ./Drivers/STM32G4xx_HAL_Driver/Src/stm32g4xx_hal_tim_ex.o
                0x08006060                HAL_TIMEx_BreakCallback
 .text.HAL_TIMEx_Break2Callback
                0x08006074       0x14 ./Drivers/STM32G4xx_HAL_Driver/Src/stm32g4xx_hal_tim_ex.o
                0x08006074                HAL_TIMEx_Break2Callback
 .text.HAL_TIMEx_EncoderIndexCallback
                0x08006088       0x14 ./Drivers/STM32G4xx_HAL_Driver/Src/stm32g4xx_hal_tim_ex.o
                0x08006088                HAL_TIMEx_EncoderIndexCallback
 .text.HAL_TIMEx_DirectionChangeCallback
                0x0800609c       0x14 ./Drivers/STM32G4xx_HAL_Driver/Src/stm32g4xx_hal_tim_ex.o
                0x0800609c                HAL_TIMEx_DirectionChangeCallback
 .text.HAL_TIMEx_IndexErrorCallback
                0x080060b0       0x14 ./Drivers/STM32G4xx_HAL_Driver/Src/stm32g4xx_hal_tim_ex.o
                0x080060b0                HAL_TIMEx_IndexErrorCallback
 .text.HAL_TIMEx_TransitionErrorCallback
                0x080060c4       0x14 ./Drivers/STM32G4xx_HAL_Driver/Src/stm32g4xx_hal_tim_ex.o
                0x080060c4                HAL_TIMEx_TransitionErrorCallback
 .text.HAL_UART_Init
                0x080060d8       0xc0 ./Drivers/STM32G4xx_HAL_Driver/Src/stm32g4xx_hal_uart.o
                0x080060d8                HAL_UART_Init
 .text.HAL_UART_RegisterCallback
                0x08006198      0x174 ./Drivers/STM32G4xx_HAL_Driver/Src/stm32g4xx_hal_uart.o
                0x08006198                HAL_UART_RegisterCallback
 .text.HAL_UART_Receive
                0x0800630c      0x190 ./Drivers/STM32G4xx_HAL_Driver/Src/stm32g4xx_hal_uart.o
                0x0800630c                HAL_UART_Receive
 .text.HAL_UART_Transmit_DMA
                0x0800649c      0x100 ./Drivers/STM32G4xx_HAL_Driver/Src/stm32g4xx_hal_uart.o
                0x0800649c                HAL_UART_Transmit_DMA
 .text.HAL_UART_Receive_DMA
                0x0800659c       0x98 ./Drivers/STM32G4xx_HAL_Driver/Src/stm32g4xx_hal_uart.o
                0x0800659c                HAL_UART_Receive_DMA
 .text.HAL_UART_IRQHandler
                0x08006634      0x668 ./Drivers/STM32G4xx_HAL_Driver/Src/stm32g4xx_hal_uart.o
                0x08006634                HAL_UART_IRQHandler
 .text.HAL_UART_TxCpltCallback
                0x08006c9c       0x14 ./Drivers/STM32G4xx_HAL_Driver/Src/stm32g4xx_hal_uart.o
                0x08006c9c                HAL_UART_TxCpltCallback
 .text.HAL_UART_TxHalfCpltCallback
                0x08006cb0       0x14 ./Drivers/STM32G4xx_HAL_Driver/Src/stm32g4xx_hal_uart.o
                0x08006cb0                HAL_UART_TxHalfCpltCallback
 .text.HAL_UART_RxCpltCallback
                0x08006cc4       0x14 ./Drivers/STM32G4xx_HAL_Driver/Src/stm32g4xx_hal_uart.o
                0x08006cc4                HAL_UART_RxCpltCallback
 .text.HAL_UART_RxHalfCpltCallback
                0x08006cd8       0x14 ./Drivers/STM32G4xx_HAL_Driver/Src/stm32g4xx_hal_uart.o
                0x08006cd8                HAL_UART_RxHalfCpltCallback
 .text.HAL_UART_ErrorCallback
                0x08006cec       0x14 ./Drivers/STM32G4xx_HAL_Driver/Src/stm32g4xx_hal_uart.o
                0x08006cec                HAL_UART_ErrorCallback
 .text.HAL_UART_AbortCpltCallback
                0x08006d00       0x14 ./Drivers/STM32G4xx_HAL_Driver/Src/stm32g4xx_hal_uart.o
                0x08006d00                HAL_UART_AbortCpltCallback
 .text.HAL_UART_AbortTransmitCpltCallback
                0x08006d14       0x14 ./Drivers/STM32G4xx_HAL_Driver/Src/stm32g4xx_hal_uart.o
                0x08006d14                HAL_UART_AbortTransmitCpltCallback
 .text.HAL_UART_AbortReceiveCpltCallback
                0x08006d28       0x14 ./Drivers/STM32G4xx_HAL_Driver/Src/stm32g4xx_hal_uart.o
                0x08006d28                HAL_UART_AbortReceiveCpltCallback
 .text.HAL_UARTEx_RxEventCallback
                0x08006d3c       0x18 ./Drivers/STM32G4xx_HAL_Driver/Src/stm32g4xx_hal_uart.o
                0x08006d3c                HAL_UARTEx_RxEventCallback
 .text.HAL_UART_ReceiverTimeout_Config
                0x08006d54       0x38 ./Drivers/STM32G4xx_HAL_Driver/Src/stm32g4xx_hal_uart.o
                0x08006d54                HAL_UART_ReceiverTimeout_Config
 .text.HAL_UART_EnableReceiverTimeout
                0x08006d8c       0x74 ./Drivers/STM32G4xx_HAL_Driver/Src/stm32g4xx_hal_uart.o
                0x08006d8c                HAL_UART_EnableReceiverTimeout
 .text.HAL_UART_GetError
                0x08006e00       0x1a ./Drivers/STM32G4xx_HAL_Driver/Src/stm32g4xx_hal_uart.o
                0x08006e00                HAL_UART_GetError
 *fill*         0x08006e1a        0x2 
 .text.UART_InitCallbacksToDefault
                0x08006e1c       0xa4 ./Drivers/STM32G4xx_HAL_Driver/Src/stm32g4xx_hal_uart.o
                0x08006e1c                UART_InitCallbacksToDefault
 .text.UART_SetConfig
                0x08006ec0      0x5f8 ./Drivers/STM32G4xx_HAL_Driver/Src/stm32g4xx_hal_uart.o
                0x08006ec0                UART_SetConfig
 .text.UART_AdvFeatureConfig
                0x080074b8      0x144 ./Drivers/STM32G4xx_HAL_Driver/Src/stm32g4xx_hal_uart.o
                0x080074b8                UART_AdvFeatureConfig
 .text.UART_CheckIdleState
                0x080075fc      0x154 ./Drivers/STM32G4xx_HAL_Driver/Src/stm32g4xx_hal_uart.o
                0x080075fc                UART_CheckIdleState
 .text.UART_WaitOnFlagUntilTimeout
                0x08007750       0xda ./Drivers/STM32G4xx_HAL_Driver/Src/stm32g4xx_hal_uart.o
                0x08007750                UART_WaitOnFlagUntilTimeout
 *fill*         0x0800782a        0x2 
 .text.UART_Start_Receive_DMA
                0x0800782c      0x14c ./Drivers/STM32G4xx_HAL_Driver/Src/stm32g4xx_hal_uart.o
                0x0800782c                UART_Start_Receive_DMA
 .text.UART_EndTxTransfer
                0x08007978       0x82 ./Drivers/STM32G4xx_HAL_Driver/Src/stm32g4xx_hal_uart.o
 .text.UART_EndRxTransfer
                0x080079fa       0xcc ./Drivers/STM32G4xx_HAL_Driver/Src/stm32g4xx_hal_uart.o
 .text.UART_DMATransmitCplt
                0x08007ac6       0x9e ./Drivers/STM32G4xx_HAL_Driver/Src/stm32g4xx_hal_uart.o
 .text.UART_DMATxHalfCplt
                0x08007b64       0x20 ./Drivers/STM32G4xx_HAL_Driver/Src/stm32g4xx_hal_uart.o
 .text.UART_DMAReceiveCplt
                0x08007b84      0x134 ./Drivers/STM32G4xx_HAL_Driver/Src/stm32g4xx_hal_uart.o
 .text.UART_DMARxHalfCplt
                0x08007cb8       0x46 ./Drivers/STM32G4xx_HAL_Driver/Src/stm32g4xx_hal_uart.o
 .text.UART_DMAError
                0x08007cfe       0x84 ./Drivers/STM32G4xx_HAL_Driver/Src/stm32g4xx_hal_uart.o
 .text.UART_DMAAbortOnError
                0x08007d82       0x30 ./Drivers/STM32G4xx_HAL_Driver/Src/stm32g4xx_hal_uart.o
 .text.UART_EndTransmit_IT
                0x08007db2       0x5a ./Drivers/STM32G4xx_HAL_Driver/Src/stm32g4xx_hal_uart.o
 .text.HAL_UARTEx_WakeupCallback
                0x08007e0c       0x14 ./Drivers/STM32G4xx_HAL_Driver/Src/stm32g4xx_hal_uart_ex.o
                0x08007e0c                HAL_UARTEx_WakeupCallback
 .text.HAL_UARTEx_RxFifoFullCallback
                0x08007e20       0x14 ./Drivers/STM32G4xx_HAL_Driver/Src/stm32g4xx_hal_uart_ex.o
                0x08007e20                HAL_UARTEx_RxFifoFullCallback
 .text.HAL_UARTEx_TxFifoEmptyCallback
                0x08007e34       0x14 ./Drivers/STM32G4xx_HAL_Driver/Src/stm32g4xx_hal_uart_ex.o
                0x08007e34                HAL_UARTEx_TxFifoEmptyCallback
 .text.HAL_UARTEx_DisableFifoMode
                0x08007e48       0x72 ./Drivers/STM32G4xx_HAL_Driver/Src/stm32g4xx_hal_uart_ex.o
                0x08007e48                HAL_UARTEx_DisableFifoMode
 .text.HAL_UARTEx_SetTxFifoThreshold
                0x08007eba       0x7c ./Drivers/STM32G4xx_HAL_Driver/Src/stm32g4xx_hal_uart_ex.o
                0x08007eba                HAL_UARTEx_SetTxFifoThreshold
 .text.HAL_UARTEx_SetRxFifoThreshold
                0x08007f36       0x7c ./Drivers/STM32G4xx_HAL_Driver/Src/stm32g4xx_hal_uart_ex.o
                0x08007f36                HAL_UARTEx_SetRxFifoThreshold
 *fill*         0x08007fb2        0x2 
 .text.UARTEx_SetNbDataToProcess
                0x08007fb4       0x9c ./Drivers/STM32G4xx_HAL_Driver/Src/stm32g4xx_hal_uart_ex.o
 .text.memset   0x08008050       0x10 C:/ST/STM32CubeIDE_1.14.1/STM32CubeIDE/plugins/com.st.stm32cube.ide.mcu.externaltools.gnu-tools-for-stm32.12.3.rel1.win32_1.0.100.202403111256/tools/bin/../lib/gcc/arm-none-eabi/12.3.1/../../../../arm-none-eabi/lib/thumb/v7e-m+fp/hard\libc_nano.a(libc_a-memset.o)
                0x08008050                memset
 .text.__libc_init_array
                0x08008060       0x48 C:/ST/STM32CubeIDE_1.14.1/STM32CubeIDE/plugins/com.st.stm32cube.ide.mcu.externaltools.gnu-tools-for-stm32.12.3.rel1.win32_1.0.100.202403111256/tools/bin/../lib/gcc/arm-none-eabi/12.3.1/../../../../arm-none-eabi/lib/thumb/v7e-m+fp/hard\libc_nano.a(libc_a-init.o)
                0x08008060                __libc_init_array
 .text.memcpy   0x080080a8       0x1c C:/ST/STM32CubeIDE_1.14.1/STM32CubeIDE/plugins/com.st.stm32cube.ide.mcu.externaltools.gnu-tools-for-stm32.12.3.rel1.win32_1.0.100.202403111256/tools/bin/../lib/gcc/arm-none-eabi/12.3.1/../../../../arm-none-eabi/lib/thumb/v7e-m+fp/hard\libc_nano.a(libc_a-memcpy-stub.o)
                0x080080a8                memcpy
 *(.glue_7)
 .glue_7        0x080080c4        0x0 linker stubs
 *(.glue_7t)
 .glue_7t       0x080080c4        0x0 linker stubs
 *(.eh_frame)
 .eh_frame      0x080080c4        0x0 C:/ST/STM32CubeIDE_1.14.1/STM32CubeIDE/plugins/com.st.stm32cube.ide.mcu.externaltools.gnu-tools-for-stm32.12.3.rel1.win32_1.0.100.202403111256/tools/bin/../lib/gcc/arm-none-eabi/12.3.1/thumb/v7e-m+fp/hard/crtbegin.o
 *(.init)
 .init          0x080080c4        0x4 C:/ST/STM32CubeIDE_1.14.1/STM32CubeIDE/plugins/com.st.stm32cube.ide.mcu.externaltools.gnu-tools-for-stm32.12.3.rel1.win32_1.0.100.202403111256/tools/bin/../lib/gcc/arm-none-eabi/12.3.1/thumb/v7e-m+fp/hard/crti.o
                0x080080c4                _init
 .init          0x080080c8        0x8 C:/ST/STM32CubeIDE_1.14.1/STM32CubeIDE/plugins/com.st.stm32cube.ide.mcu.externaltools.gnu-tools-for-stm32.12.3.rel1.win32_1.0.100.202403111256/tools/bin/../lib/gcc/arm-none-eabi/12.3.1/thumb/v7e-m+fp/hard/crtn.o
 *(.fini)
 .fini          0x080080d0        0x4 C:/ST/STM32CubeIDE_1.14.1/STM32CubeIDE/plugins/com.st.stm32cube.ide.mcu.externaltools.gnu-tools-for-stm32.12.3.rel1.win32_1.0.100.202403111256/tools/bin/../lib/gcc/arm-none-eabi/12.3.1/thumb/v7e-m+fp/hard/crti.o
                0x080080d0                _fini
 .fini          0x080080d4        0x8 C:/ST/STM32CubeIDE_1.14.1/STM32CubeIDE/plugins/com.st.stm32cube.ide.mcu.externaltools.gnu-tools-for-stm32.12.3.rel1.win32_1.0.100.202403111256/tools/bin/../lib/gcc/arm-none-eabi/12.3.1/thumb/v7e-m+fp/hard/crtn.o
                0x080080dc                        . = ALIGN (0x4)
                0x080080dc                        _etext = .

.vfp11_veneer   0x080080dc        0x0
 .vfp11_veneer  0x080080dc        0x0 linker stubs

.v4_bx          0x080080dc        0x0
 .v4_bx         0x080080dc        0x0 linker stubs

.iplt           0x080080dc        0x0
 .iplt          0x080080dc        0x0 C:/ST/STM32CubeIDE_1.14.1/STM32CubeIDE/plugins/com.st.stm32cube.ide.mcu.externaltools.gnu-tools-for-stm32.12.3.rel1.win32_1.0.100.202403111256/tools/bin/../lib/gcc/arm-none-eabi/12.3.1/thumb/v7e-m+fp/hard/crtbegin.o

.rodata         0x080080dc       0x40
                0x080080dc                        . = ALIGN (0x4)
 *(.rodata)
 *(.rodata*)
 .rodata.AHBPrescTable
                0x080080dc       0x10 ./Core/Src/system_stm32g4xx.o
                0x080080dc                AHBPrescTable
 .rodata.APBPrescTable
                0x080080ec        0x8 ./Core/Src/system_stm32g4xx.o
                0x080080ec                APBPrescTable
 .rodata.UARTPrescTable
                0x080080f4       0x18 ./Drivers/STM32G4xx_HAL_Driver/Src/stm32g4xx_hal_uart.o
                0x080080f4                UARTPrescTable
 .rodata.numerator.1
                0x0800810c        0x8 ./Drivers/STM32G4xx_HAL_Driver/Src/stm32g4xx_hal_uart_ex.o
 .rodata.denominator.0
                0x08008114        0x8 ./Drivers/STM32G4xx_HAL_Driver/Src/stm32g4xx_hal_uart_ex.o
                0x0800811c                        . = ALIGN (0x4)

.ARM.extab      0x0800811c        0x0
                0x0800811c                        . = ALIGN (0x4)
 *(.ARM.extab* .gnu.linkonce.armextab.*)
                0x0800811c                        . = ALIGN (0x4)

.ARM            0x0800811c        0x8
                0x0800811c                        . = ALIGN (0x4)
                0x0800811c                        __exidx_start = .
 *(.ARM.exidx*)
 .ARM.exidx     0x0800811c        0x8 C:/ST/STM32CubeIDE_1.14.1/STM32CubeIDE/plugins/com.st.stm32cube.ide.mcu.externaltools.gnu-tools-for-stm32.12.3.rel1.win32_1.0.100.202403111256/tools/bin/../lib/gcc/arm-none-eabi/12.3.1/thumb/v7e-m+fp/hard\libgcc.a(_udivmoddi4.o)
                0x08008124                        __exidx_end = .
                0x08008124                        . = ALIGN (0x4)

.preinit_array  0x08008124        0x0
                0x08008124                        . = ALIGN (0x4)
                0x08008124                        PROVIDE (__preinit_array_start = .)
 *(.preinit_array*)
                0x08008124                        PROVIDE (__preinit_array_end = .)
                0x08008124                        . = ALIGN (0x4)

.init_array     0x08008124        0x4
                0x08008124                        . = ALIGN (0x4)
                0x08008124                        PROVIDE (__init_array_start = .)
 *(SORT_BY_NAME(.init_array.*))
 *(.init_array*)
 .init_array    0x08008124        0x4 C:/ST/STM32CubeIDE_1.14.1/STM32CubeIDE/plugins/com.st.stm32cube.ide.mcu.externaltools.gnu-tools-for-stm32.12.3.rel1.win32_1.0.100.202403111256/tools/bin/../lib/gcc/arm-none-eabi/12.3.1/thumb/v7e-m+fp/hard/crtbegin.o
                0x08008128                        PROVIDE (__init_array_end = .)
                0x08008128                        . = ALIGN (0x4)

.fini_array     0x08008128        0x4
                0x08008128                        . = ALIGN (0x4)
                [!provide]                        PROVIDE (__fini_array_start = .)
 *(SORT_BY_NAME(.fini_array.*))
 *(.fini_array*)
 .fini_array    0x08008128        0x4 C:/ST/STM32CubeIDE_1.14.1/STM32CubeIDE/plugins/com.st.stm32cube.ide.mcu.externaltools.gnu-tools-for-stm32.12.3.rel1.win32_1.0.100.202403111256/tools/bin/../lib/gcc/arm-none-eabi/12.3.1/thumb/v7e-m+fp/hard/crtbegin.o
                [!provide]                        PROVIDE (__fini_array_end = .)
                0x0800812c                        . = ALIGN (0x4)
                0x0800812c                        _sidata = LOADADDR (.data)

.rel.dyn        0x0800812c        0x0
 .rel.iplt      0x0800812c        0x0 C:/ST/STM32CubeIDE_1.14.1/STM32CubeIDE/plugins/com.st.stm32cube.ide.mcu.externaltools.gnu-tools-for-stm32.12.3.rel1.win32_1.0.100.202403111256/tools/bin/../lib/gcc/arm-none-eabi/12.3.1/thumb/v7e-m+fp/hard/crtbegin.o

.data           0x20000000      0x238 load address 0x0800812c
                0x20000000                        . = ALIGN (0x4)
                0x20000000                        _sdata = .
 *(.data)
 *(.data*)
 .data.auchCRCLo
                0x20000000      0x100 ./Core/Src/ModBusRTU.o
 .data.auchCRCHi
                0x20000100      0x100 ./Core/Src/ModBusRTU.o
 .data.num      0x20000200       0x28 ./Core/Src/main.o
                0x20000200                num
 .data.count    0x20000228        0x4 ./Core/Src/main.o
                0x20000228                count
 .data.SystemCoreClock
                0x2000022c        0x4 ./Core/Src/system_stm32g4xx.o
                0x2000022c                SystemCoreClock
 .data.uwTickPrio
                0x20000230        0x4 ./Drivers/STM32G4xx_HAL_Driver/Src/stm32g4xx_hal.o
                0x20000230                uwTickPrio
 .data.uwTickFreq
                0x20000234        0x4 ./Drivers/STM32G4xx_HAL_Driver/Src/stm32g4xx_hal.o
                0x20000234                uwTickFreq
 *(.RamFunc)
 *(.RamFunc*)
                0x20000238                        . = ALIGN (0x4)
                0x20000238                        _edata = .

.igot.plt       0x20000238        0x0 load address 0x08008364
 .igot.plt      0x20000238        0x0 C:/ST/STM32CubeIDE_1.14.1/STM32CubeIDE/plugins/com.st.stm32cube.ide.mcu.externaltools.gnu-tools-for-stm32.12.3.rel1.win32_1.0.100.202403111256/tools/bin/../lib/gcc/arm-none-eabi/12.3.1/thumb/v7e-m+fp/hard/crtbegin.o
                0x20000238                        . = ALIGN (0x4)

.bss            0x20000238      0xdb0 load address 0x08008364
                0x20000238                        _sbss = .
                0x20000238                        __bss_start__ = _sbss
 *(.bss)
 .bss           0x20000238       0x1c C:/ST/STM32CubeIDE_1.14.1/STM32CubeIDE/plugins/com.st.stm32cube.ide.mcu.externaltools.gnu-tools-for-stm32.12.3.rel1.win32_1.0.100.202403111256/tools/bin/../lib/gcc/arm-none-eabi/12.3.1/thumb/v7e-m+fp/hard/crtbegin.o
 *(.bss*)
 .bss.hModbus   0x20000254        0x4 ./Core/Src/ModBusRTU.o
                0x20000254                hModbus
 .bss.hmodbus   0x20000258      0x4d8 ./Core/Src/main.o
                0x20000258                hmodbus
 .bss.registerFrame
                0x20000730      0x190 ./Core/Src/main.o
                0x20000730                registerFrame
 .bss.base      0x200008c0       0x4c ./Core/Src/main.o
                0x200008c0                base
 .bss.htim2     0x2000090c       0xcc ./Core/Src/main.o
                0x2000090c                htim2
 .bss.htim3     0x200009d8       0xcc ./Core/Src/main.o
                0x200009d8                htim3
 .bss.htim4     0x20000aa4       0xcc ./Core/Src/main.o
                0x20000aa4                htim4
 .bss.htim5     0x20000b70       0xcc ./Core/Src/main.o
                0x20000b70                htim5
 .bss.htim16    0x20000c3c       0xcc ./Core/Src/main.o
                0x20000c3c                htim16
 .bss.huart4    0x20000d08       0xcc ./Core/Src/main.o
                0x20000d08                huart4
 .bss.huart2    0x20000dd4       0xcc ./Core/Src/main.o
                0x20000dd4                huart2
 .bss.hdma_usart2_tx
                0x20000ea0       0x60 ./Core/Src/main.o
                0x20000ea0                hdma_usart2_tx
 .bss.hdma_usart2_rx
                0x20000f00       0x60 ./Core/Src/main.o
                0x20000f00                hdma_usart2_rx
 .bss.ps2       0x20000f60       0x78 ./Core/Src/main.o
                0x20000f60                ps2
 .bss._micros   0x20000fd8        0x8 ./Core/Src/main.o
                0x20000fd8                _micros
 .bss.timestamp.2
                0x20000fe0        0x4 ./Core/Src/main.o
 .bss.uwTick    0x20000fe4        0x4 ./Drivers/STM32G4xx_HAL_Driver/Src/stm32g4xx_hal.o
                0x20000fe4                uwTick
 *(COMMON)
                0x20000fe8                        . = ALIGN (0x4)
                0x20000fe8                        _ebss = .
                0x20000fe8                        __bss_end__ = _ebss

._user_heap_stack
                0x20000fe8      0x600 load address 0x08008364
                0x20000fe8                        . = ALIGN (0x8)
                [!provide]                        PROVIDE (end = .)
                0x20000fe8                        PROVIDE (_end = .)
                0x200011e8                        . = (. + _Min_Heap_Size)
 *fill*         0x20000fe8      0x200 
                0x200015e8                        . = (. + _Min_Stack_Size)
 *fill*         0x200011e8      0x400 
                0x200015e8                        . = ALIGN (0x8)

/DISCARD/
 libc.a(*)
 libm.a(*)
 libgcc.a(*)

.ARM.attributes
                0x00000000       0x30
 *(.ARM.attributes)
 .ARM.attributes
                0x00000000       0x22 C:/ST/STM32CubeIDE_1.14.1/STM32CubeIDE/plugins/com.st.stm32cube.ide.mcu.externaltools.gnu-tools-for-stm32.12.3.rel1.win32_1.0.100.202403111256/tools/bin/../lib/gcc/arm-none-eabi/12.3.1/thumb/v7e-m+fp/hard/crti.o
 .ARM.attributes
                0x00000022       0x34 C:/ST/STM32CubeIDE_1.14.1/STM32CubeIDE/plugins/com.st.stm32cube.ide.mcu.externaltools.gnu-tools-for-stm32.12.3.rel1.win32_1.0.100.202403111256/tools/bin/../lib/gcc/arm-none-eabi/12.3.1/thumb/v7e-m+fp/hard/crtbegin.o
 .ARM.attributes
                0x00000056       0x34 ./Core/Src/ModBusRTU.o
 .ARM.attributes
                0x0000008a       0x34 ./Core/Src/main.o
 .ARM.attributes
                0x000000be       0x34 ./Core/Src/stm32g4xx_hal_msp.o
 .ARM.attributes
                0x000000f2       0x34 ./Core/Src/stm32g4xx_it.o
 .ARM.attributes
                0x00000126       0x34 ./Core/Src/system_stm32g4xx.o
 .ARM.attributes
                0x0000015a       0x21 ./Core/Startup/startup_stm32g474retx.o
 .ARM.attributes
                0x0000017b       0x34 ./Drivers/STM32G4xx_HAL_Driver/Src/stm32g4xx_hal.o
 .ARM.attributes
                0x000001af       0x34 ./Drivers/STM32G4xx_HAL_Driver/Src/stm32g4xx_hal_cortex.o
 .ARM.attributes
                0x000001e3       0x34 ./Drivers/STM32G4xx_HAL_Driver/Src/stm32g4xx_hal_dma.o
 .ARM.attributes
                0x00000217       0x34 ./Drivers/STM32G4xx_HAL_Driver/Src/stm32g4xx_hal_gpio.o
 .ARM.attributes
                0x0000024b       0x34 ./Drivers/STM32G4xx_HAL_Driver/Src/stm32g4xx_hal_pwr_ex.o
 .ARM.attributes
                0x0000027f       0x34 ./Drivers/STM32G4xx_HAL_Driver/Src/stm32g4xx_hal_rcc.o
 .ARM.attributes
                0x000002b3       0x34 ./Drivers/STM32G4xx_HAL_Driver/Src/stm32g4xx_hal_rcc_ex.o
 .ARM.attributes
                0x000002e7       0x34 ./Drivers/STM32G4xx_HAL_Driver/Src/stm32g4xx_hal_tim.o
 .ARM.attributes
                0x0000031b       0x34 ./Drivers/STM32G4xx_HAL_Driver/Src/stm32g4xx_hal_tim_ex.o
 .ARM.attributes
                0x0000034f       0x34 ./Drivers/STM32G4xx_HAL_Driver/Src/stm32g4xx_hal_uart.o
 .ARM.attributes
                0x00000383       0x34 ./Drivers/STM32G4xx_HAL_Driver/Src/stm32g4xx_hal_uart_ex.o
 .ARM.attributes
                0x000003b7       0x34 C:/ST/STM32CubeIDE_1.14.1/STM32CubeIDE/plugins/com.st.stm32cube.ide.mcu.externaltools.gnu-tools-for-stm32.12.3.rel1.win32_1.0.100.202403111256/tools/bin/../lib/gcc/arm-none-eabi/12.3.1/../../../../arm-none-eabi/lib/thumb/v7e-m+fp/hard\libc_nano.a(libc_a-memset.o)
 .ARM.attributes
                0x000003eb       0x34 C:/ST/STM32CubeIDE_1.14.1/STM32CubeIDE/plugins/com.st.stm32cube.ide.mcu.externaltools.gnu-tools-for-stm32.12.3.rel1.win32_1.0.100.202403111256/tools/bin/../lib/gcc/arm-none-eabi/12.3.1/../../../../arm-none-eabi/lib/thumb/v7e-m+fp/hard\libc_nano.a(libc_a-init.o)
 .ARM.attributes
                0x0000041f       0x34 C:/ST/STM32CubeIDE_1.14.1/STM32CubeIDE/plugins/com.st.stm32cube.ide.mcu.externaltools.gnu-tools-for-stm32.12.3.rel1.win32_1.0.100.202403111256/tools/bin/../lib/gcc/arm-none-eabi/12.3.1/../../../../arm-none-eabi/lib/thumb/v7e-m+fp/hard\libc_nano.a(libc_a-memcpy-stub.o)
 .ARM.attributes
                0x00000453       0x22 C:/ST/STM32CubeIDE_1.14.1/STM32CubeIDE/plugins/com.st.stm32cube.ide.mcu.externaltools.gnu-tools-for-stm32.12.3.rel1.win32_1.0.100.202403111256/tools/bin/../lib/gcc/arm-none-eabi/12.3.1/thumb/v7e-m+fp/hard\libgcc.a(_arm_addsubdf3.o)
 .ARM.attributes
                0x00000475       0x22 C:/ST/STM32CubeIDE_1.14.1/STM32CubeIDE/plugins/com.st.stm32cube.ide.mcu.externaltools.gnu-tools-for-stm32.12.3.rel1.win32_1.0.100.202403111256/tools/bin/../lib/gcc/arm-none-eabi/12.3.1/thumb/v7e-m+fp/hard\libgcc.a(_arm_muldivdf3.o)
 .ARM.attributes
                0x00000497       0x22 C:/ST/STM32CubeIDE_1.14.1/STM32CubeIDE/plugins/com.st.stm32cube.ide.mcu.externaltools.gnu-tools-for-stm32.12.3.rel1.win32_1.0.100.202403111256/tools/bin/../lib/gcc/arm-none-eabi/12.3.1/thumb/v7e-m+fp/hard\libgcc.a(_arm_fixdfsi.o)
 .ARM.attributes
                0x000004b9       0x22 C:/ST/STM32CubeIDE_1.14.1/STM32CubeIDE/plugins/com.st.stm32cube.ide.mcu.externaltools.gnu-tools-for-stm32.12.3.rel1.win32_1.0.100.202403111256/tools/bin/../lib/gcc/arm-none-eabi/12.3.1/thumb/v7e-m+fp/hard\libgcc.a(_aeabi_uldivmod.o)
 .ARM.attributes
                0x000004db       0x34 C:/ST/STM32CubeIDE_1.14.1/STM32CubeIDE/plugins/com.st.stm32cube.ide.mcu.externaltools.gnu-tools-for-stm32.12.3.rel1.win32_1.0.100.202403111256/tools/bin/../lib/gcc/arm-none-eabi/12.3.1/thumb/v7e-m+fp/hard\libgcc.a(_udivmoddi4.o)
 .ARM.attributes
                0x0000050f       0x22 C:/ST/STM32CubeIDE_1.14.1/STM32CubeIDE/plugins/com.st.stm32cube.ide.mcu.externaltools.gnu-tools-for-stm32.12.3.rel1.win32_1.0.100.202403111256/tools/bin/../lib/gcc/arm-none-eabi/12.3.1/thumb/v7e-m+fp/hard\libgcc.a(_dvmd_tls.o)
 .ARM.attributes
                0x00000531       0x22 C:/ST/STM32CubeIDE_1.14.1/STM32CubeIDE/plugins/com.st.stm32cube.ide.mcu.externaltools.gnu-tools-for-stm32.12.3.rel1.win32_1.0.100.202403111256/tools/bin/../lib/gcc/arm-none-eabi/12.3.1/thumb/v7e-m+fp/hard/crtn.o
OUTPUT(Studio_G15.elf elf32-littlearm)
LOAD linker stubs
LOAD C:/ST/STM32CubeIDE_1.14.1/STM32CubeIDE/plugins/com.st.stm32cube.ide.mcu.externaltools.gnu-tools-for-stm32.12.3.rel1.win32_1.0.100.202403111256/tools/bin/../lib/gcc/arm-none-eabi/12.3.1/../../../../arm-none-eabi/lib/thumb/v7e-m+fp/hard\libc.a
LOAD C:/ST/STM32CubeIDE_1.14.1/STM32CubeIDE/plugins/com.st.stm32cube.ide.mcu.externaltools.gnu-tools-for-stm32.12.3.rel1.win32_1.0.100.202403111256/tools/bin/../lib/gcc/arm-none-eabi/12.3.1/../../../../arm-none-eabi/lib/thumb/v7e-m+fp/hard\libm.a
LOAD C:/ST/STM32CubeIDE_1.14.1/STM32CubeIDE/plugins/com.st.stm32cube.ide.mcu.externaltools.gnu-tools-for-stm32.12.3.rel1.win32_1.0.100.202403111256/tools/bin/../lib/gcc/arm-none-eabi/12.3.1/thumb/v7e-m+fp/hard\libgcc.a

.debug_info     0x00000000    0x15eb7
 .debug_info    0x00000000     0x1598 ./Core/Src/ModBusRTU.o
 .debug_info    0x00001598     0x2540 ./Core/Src/main.o
 .debug_info    0x00003ad8     0x18f8 ./Core/Src/stm32g4xx_hal_msp.o
 .debug_info    0x000053d0      0xfaf ./Core/Src/stm32g4xx_it.o
 .debug_info    0x0000637f      0x58e ./Core/Src/system_stm32g4xx.o
 .debug_info    0x0000690d       0x30 ./Core/Startup/startup_stm32g474retx.o
 .debug_info    0x0000693d      0xb95 ./Drivers/STM32G4xx_HAL_Driver/Src/stm32g4xx_hal.o
 .debug_info    0x000074d2      0xdad ./Drivers/STM32G4xx_HAL_Driver/Src/stm32g4xx_hal_cortex.o
 .debug_info    0x0000827f      0x85f ./Drivers/STM32G4xx_HAL_Driver/Src/stm32g4xx_hal_dma.o
 .debug_info    0x00008ade      0x763 ./Drivers/STM32G4xx_HAL_Driver/Src/stm32g4xx_hal_gpio.o
 .debug_info    0x00009241      0x93f ./Drivers/STM32G4xx_HAL_Driver/Src/stm32g4xx_hal_pwr_ex.o
 .debug_info    0x00009b80      0xbe0 ./Drivers/STM32G4xx_HAL_Driver/Src/stm32g4xx_hal_rcc.o
 .debug_info    0x0000a760      0xc45 ./Drivers/STM32G4xx_HAL_Driver/Src/stm32g4xx_hal_rcc_ex.o
 .debug_info    0x0000b3a5     0x301a ./Drivers/STM32G4xx_HAL_Driver/Src/stm32g4xx_hal_tim.o
 .debug_info    0x0000e3bf     0x1f5e ./Drivers/STM32G4xx_HAL_Driver/Src/stm32g4xx_hal_tim_ex.o
 .debug_info    0x0001031d     0x4ad2 ./Drivers/STM32G4xx_HAL_Driver/Src/stm32g4xx_hal_uart.o
 .debug_info    0x00014def     0x10c8 ./Drivers/STM32G4xx_HAL_Driver/Src/stm32g4xx_hal_uart_ex.o

.debug_abbrev   0x00000000     0x2920
 .debug_abbrev  0x00000000      0x365 ./Core/Src/ModBusRTU.o
 .debug_abbrev  0x00000365      0x3ee ./Core/Src/main.o
 .debug_abbrev  0x00000753      0x29a ./Core/Src/stm32g4xx_hal_msp.o
 .debug_abbrev  0x000009ed      0x1f7 ./Core/Src/stm32g4xx_it.o
 .debug_abbrev  0x00000be4      0x11a ./Core/Src/system_stm32g4xx.o
 .debug_abbrev  0x00000cfe       0x24 ./Core/Startup/startup_stm32g474retx.o
 .debug_abbrev  0x00000d22      0x271 ./Drivers/STM32G4xx_HAL_Driver/Src/stm32g4xx_hal.o
 .debug_abbrev  0x00000f93      0x31c ./Drivers/STM32G4xx_HAL_Driver/Src/stm32g4xx_hal_cortex.o
 .debug_abbrev  0x000012af      0x1e2 ./Drivers/STM32G4xx_HAL_Driver/Src/stm32g4xx_hal_dma.o
 .debug_abbrev  0x00001491      0x1cb ./Drivers/STM32G4xx_HAL_Driver/Src/stm32g4xx_hal_gpio.o
 .debug_abbrev  0x0000165c      0x22c ./Drivers/STM32G4xx_HAL_Driver/Src/stm32g4xx_hal_pwr_ex.o
 .debug_abbrev  0x00001888      0x2c9 ./Drivers/STM32G4xx_HAL_Driver/Src/stm32g4xx_hal_rcc.o
 .debug_abbrev  0x00001b51      0x258 ./Drivers/STM32G4xx_HAL_Driver/Src/stm32g4xx_hal_rcc_ex.o
 .debug_abbrev  0x00001da9      0x2b8 ./Drivers/STM32G4xx_HAL_Driver/Src/stm32g4xx_hal_tim.o
 .debug_abbrev  0x00002061      0x2d6 ./Drivers/STM32G4xx_HAL_Driver/Src/stm32g4xx_hal_tim_ex.o
 .debug_abbrev  0x00002337      0x317 ./Drivers/STM32G4xx_HAL_Driver/Src/stm32g4xx_hal_uart.o
 .debug_abbrev  0x0000264e      0x2d2 ./Drivers/STM32G4xx_HAL_Driver/Src/stm32g4xx_hal_uart_ex.o

.debug_aranges  0x00000000     0x11c8
 .debug_aranges
                0x00000000       0x70 ./Core/Src/ModBusRTU.o
 .debug_aranges
                0x00000070       0xf8 ./Core/Src/main.o
 .debug_aranges
                0x00000168       0x58 ./Core/Src/stm32g4xx_hal_msp.o
 .debug_aranges
                0x000001c0       0x98 ./Core/Src/stm32g4xx_it.o
 .debug_aranges
                0x00000258       0x28 ./Core/Src/system_stm32g4xx.o
 .debug_aranges
                0x00000280       0x28 ./Core/Startup/startup_stm32g474retx.o
 .debug_aranges
                0x000002a8      0x148 ./Drivers/STM32G4xx_HAL_Driver/Src/stm32g4xx_hal.o
 .debug_aranges
                0x000003f0      0x118 ./Drivers/STM32G4xx_HAL_Driver/Src/stm32g4xx_hal_cortex.o
 .debug_aranges
                0x00000508       0x90 ./Drivers/STM32G4xx_HAL_Driver/Src/stm32g4xx_hal_dma.o
 .debug_aranges
                0x00000598       0x58 ./Drivers/STM32G4xx_HAL_Driver/Src/stm32g4xx_hal_gpio.o
 .debug_aranges
                0x000005f0      0x140 ./Drivers/STM32G4xx_HAL_Driver/Src/stm32g4xx_hal_pwr_ex.o
 .debug_aranges
                0x00000730       0x98 ./Drivers/STM32G4xx_HAL_Driver/Src/stm32g4xx_hal_rcc.o
 .debug_aranges
                0x000007c8       0xb0 ./Drivers/STM32G4xx_HAL_Driver/Src/stm32g4xx_hal_rcc_ex.o
 .debug_aranges
                0x00000878      0x3f8 ./Drivers/STM32G4xx_HAL_Driver/Src/stm32g4xx_hal_tim.o
 .debug_aranges
                0x00000c70      0x240 ./Drivers/STM32G4xx_HAL_Driver/Src/stm32g4xx_hal_tim_ex.o
 .debug_aranges
                0x00000eb0      0x270 ./Drivers/STM32G4xx_HAL_Driver/Src/stm32g4xx_hal_uart.o
 .debug_aranges
                0x00001120       0xa8 ./Drivers/STM32G4xx_HAL_Driver/Src/stm32g4xx_hal_uart_ex.o

.debug_rnglists
                0x00000000      0xdf6
 .debug_rnglists
                0x00000000       0x54 ./Core/Src/ModBusRTU.o
 .debug_rnglists
                0x00000054       0xc1 ./Core/Src/main.o
 .debug_rnglists
                0x00000115       0x42 ./Core/Src/stm32g4xx_hal_msp.o
 .debug_rnglists
                0x00000157       0x6d ./Core/Src/stm32g4xx_it.o
 .debug_rnglists
                0x000001c4       0x1a ./Core/Src/system_stm32g4xx.o
 .debug_rnglists
                0x000001de       0x19 ./Core/Startup/startup_stm32g474retx.o
 .debug_rnglists
                0x000001f7       0xf1 ./Drivers/STM32G4xx_HAL_Driver/Src/stm32g4xx_hal.o
 .debug_rnglists
                0x000002e8       0xce ./Drivers/STM32G4xx_HAL_Driver/Src/stm32g4xx_hal_cortex.o
 .debug_rnglists
                0x000003b6       0x71 ./Drivers/STM32G4xx_HAL_Driver/Src/stm32g4xx_hal_dma.o
 .debug_rnglists
                0x00000427       0x3f ./Drivers/STM32G4xx_HAL_Driver/Src/stm32g4xx_hal_gpio.o
 .debug_rnglists
                0x00000466       0xf1 ./Drivers/STM32G4xx_HAL_Driver/Src/stm32g4xx_hal_pwr_ex.o
 .debug_rnglists
                0x00000557       0x74 ./Drivers/STM32G4xx_HAL_Driver/Src/stm32g4xx_hal_rcc.o
 .debug_rnglists
                0x000005cb       0x87 ./Drivers/STM32G4xx_HAL_Driver/Src/stm32g4xx_hal_rcc_ex.o
 .debug_rnglists
                0x00000652      0x33d ./Drivers/STM32G4xx_HAL_Driver/Src/stm32g4xx_hal_tim.o
 .debug_rnglists
                0x0000098f      0x1cc ./Drivers/STM32G4xx_HAL_Driver/Src/stm32g4xx_hal_tim_ex.o
 .debug_rnglists
                0x00000b5b      0x21c ./Drivers/STM32G4xx_HAL_Driver/Src/stm32g4xx_hal_uart.o
 .debug_rnglists
                0x00000d77       0x7f ./Drivers/STM32G4xx_HAL_Driver/Src/stm32g4xx_hal_uart_ex.o

.debug_macro    0x00000000    0x26c6b
 .debug_macro   0x00000000      0x2b2 ./Core/Src/ModBusRTU.o
 .debug_macro   0x000002b2      0xaba ./Core/Src/ModBusRTU.o
 .debug_macro   0x00000d6c      0x15b ./Core/Src/ModBusRTU.o
 .debug_macro   0x00000ec7       0x2e ./Core/Src/ModBusRTU.o
 .debug_macro   0x00000ef5       0x28 ./Core/Src/ModBusRTU.o
 .debug_macro   0x00000f1d       0x22 ./Core/Src/ModBusRTU.o
 .debug_macro   0x00000f3f       0x8e ./Core/Src/ModBusRTU.o
 .debug_macro   0x00000fcd       0x51 ./Core/Src/ModBusRTU.o
 .debug_macro   0x0000101e      0x103 ./Core/Src/ModBusRTU.o
 .debug_macro   0x00001121       0x6a ./Core/Src/ModBusRTU.o
 .debug_macro   0x0000118b      0x1df ./Core/Src/ModBusRTU.o
 .debug_macro   0x0000136a       0x1c ./Core/Src/ModBusRTU.o
 .debug_macro   0x00001386       0x22 ./Core/Src/ModBusRTU.o
 .debug_macro   0x000013a8       0xfb ./Core/Src/ModBusRTU.o
 .debug_macro   0x000014a3     0x1011 ./Core/Src/ModBusRTU.o
 .debug_macro   0x000024b4      0x11f ./Core/Src/ModBusRTU.o
 .debug_macro   0x000025d3    0x18b45 ./Core/Src/ModBusRTU.o
 .debug_macro   0x0001b118       0x6d ./Core/Src/ModBusRTU.o
 .debug_macro   0x0001b185     0x354d ./Core/Src/ModBusRTU.o
 .debug_macro   0x0001e6d2      0x189 ./Core/Src/ModBusRTU.o
 .debug_macro   0x0001e85b       0x5c ./Core/Src/ModBusRTU.o
 .debug_macro   0x0001e8b7     0x171f ./Core/Src/ModBusRTU.o
 .debug_macro   0x0001ffd6      0x600 ./Core/Src/ModBusRTU.o
 .debug_macro   0x000205d6      0x1b6 ./Core/Src/ModBusRTU.o
 .debug_macro   0x0002078c      0x34a ./Core/Src/ModBusRTU.o
 .debug_macro   0x00020ad6      0x53c ./Core/Src/ModBusRTU.o
 .debug_macro   0x00021012      0x18b ./Core/Src/ModBusRTU.o
 .debug_macro   0x0002119d       0x43 ./Core/Src/ModBusRTU.o
 .debug_macro   0x000211e0      0x23d ./Core/Src/ModBusRTU.o
 .debug_macro   0x0002141d      0x211 ./Core/Src/ModBusRTU.o
 .debug_macro   0x0002162e      0x45c ./Core/Src/ModBusRTU.o
 .debug_macro   0x00021a8a      0x11c ./Core/Src/ModBusRTU.o
 .debug_macro   0x00021ba6      0x122 ./Core/Src/ModBusRTU.o
 .debug_macro   0x00021cc8      0x3d1 ./Core/Src/ModBusRTU.o
 .debug_macro   0x00022099      0xc0b ./Core/Src/ModBusRTU.o
 .debug_macro   0x00022ca4      0x718 ./Core/Src/ModBusRTU.o
 .debug_macro   0x000233bc      0x69a ./Core/Src/ModBusRTU.o
 .debug_macro   0x00023a56       0xa6 ./Core/Src/ModBusRTU.o
 .debug_macro   0x00023afc      0x358 ./Core/Src/ModBusRTU.o
 .debug_macro   0x00023e54       0x61 ./Core/Src/ModBusRTU.o
 .debug_macro   0x00023eb5       0x2a ./Core/Src/ModBusRTU.o
 .debug_macro   0x00023edf       0x43 ./Core/Src/ModBusRTU.o
 .debug_macro   0x00023f22       0x34 ./Core/Src/ModBusRTU.o
 .debug_macro   0x00023f56       0x16 ./Core/Src/ModBusRTU.o
 .debug_macro   0x00023f6c       0x43 ./Core/Src/ModBusRTU.o
 .debug_macro   0x00023faf       0x34 ./Core/Src/ModBusRTU.o
 .debug_macro   0x00023fe3       0x10 ./Core/Src/ModBusRTU.o
 .debug_macro   0x00023ff3       0x58 ./Core/Src/ModBusRTU.o
 .debug_macro   0x0002404b       0x8e ./Core/Src/ModBusRTU.o
 .debug_macro   0x000240d9       0x1c ./Core/Src/ModBusRTU.o
 .debug_macro   0x000240f5      0x177 ./Core/Src/ModBusRTU.o
 .debug_macro   0x0002426c      0x369 ./Core/Src/ModBusRTU.o
 .debug_macro   0x000245d5       0x10 ./Core/Src/ModBusRTU.o
 .debug_macro   0x000245e5       0x35 ./Core/Src/ModBusRTU.o
 .debug_macro   0x0002461a       0x20 ./Core/Src/ModBusRTU.o
 .debug_macro   0x0002463a      0x442 ./Core/Src/main.o
 .debug_macro   0x00024a7c       0x46 ./Core/Src/main.o
 .debug_macro   0x00024ac2      0x19b ./Core/Src/main.o
 .debug_macro   0x00024c5d      0x201 ./Core/Src/main.o
 .debug_macro   0x00024e5e       0x7c ./Core/Src/main.o
 .debug_macro   0x00024eda       0x17 ./Core/Src/main.o
 .debug_macro   0x00024ef1      0x118 ./Core/Src/main.o
 .debug_macro   0x00025009       0xb9 ./Core/Src/main.o
 .debug_macro   0x000250c2       0x42 ./Core/Src/main.o
 .debug_macro   0x00025104       0x35 ./Core/Src/main.o
 .debug_macro   0x00025139       0x22 ./Core/Src/main.o
 .debug_macro   0x0002515b       0x28 ./Core/Src/main.o
 .debug_macro   0x00025183       0x16 ./Core/Src/main.o
 .debug_macro   0x00025199       0x16 ./Core/Src/main.o
 .debug_macro   0x000251af       0x10 ./Core/Src/main.o
 .debug_macro   0x000251bf       0x10 ./Core/Src/main.o
 .debug_macro   0x000251cf      0x1dd ./Core/Src/stm32g4xx_hal_msp.o
 .debug_macro   0x000253ac      0x1e7 ./Core/Src/stm32g4xx_it.o
 .debug_macro   0x00025593      0x1ce ./Core/Src/system_stm32g4xx.o
 .debug_macro   0x00025761      0x21c ./Drivers/STM32G4xx_HAL_Driver/Src/stm32g4xx_hal.o
 .debug_macro   0x0002597d      0x1ce ./Drivers/STM32G4xx_HAL_Driver/Src/stm32g4xx_hal_cortex.o
 .debug_macro   0x00025b4b      0x1ce ./Drivers/STM32G4xx_HAL_Driver/Src/stm32g4xx_hal_dma.o
 .debug_macro   0x00025d19      0x1d5 ./Drivers/STM32G4xx_HAL_Driver/Src/stm32g4xx_hal_gpio.o
 .debug_macro   0x00025eee      0x1f8 ./Drivers/STM32G4xx_HAL_Driver/Src/stm32g4xx_hal_pwr_ex.o
 .debug_macro   0x000260e6      0x210 ./Drivers/STM32G4xx_HAL_Driver/Src/stm32g4xx_hal_rcc.o
 .debug_macro   0x000262f6      0x1f8 ./Drivers/STM32G4xx_HAL_Driver/Src/stm32g4xx_hal_rcc_ex.o
 .debug_macro   0x000264ee      0x1d6 ./Drivers/STM32G4xx_HAL_Driver/Src/stm32g4xx_hal_tim.o
 .debug_macro   0x000266c4      0x1d4 ./Drivers/STM32G4xx_HAL_Driver/Src/stm32g4xx_hal_tim_ex.o
 .debug_macro   0x00026898      0x1f9 ./Drivers/STM32G4xx_HAL_Driver/Src/stm32g4xx_hal_uart.o
 .debug_macro   0x00026a91      0x1da ./Drivers/STM32G4xx_HAL_Driver/Src/stm32g4xx_hal_uart_ex.o

.debug_line     0x00000000    0x15130
 .debug_line    0x00000000      0xd58 ./Core/Src/ModBusRTU.o
 .debug_line    0x00000d58     0x1530 ./Core/Src/main.o
 .debug_line    0x00002288      0x979 ./Core/Src/stm32g4xx_hal_msp.o
 .debug_line    0x00002c01      0x8d4 ./Core/Src/stm32g4xx_it.o
 .debug_line    0x000034d5      0x7d6 ./Core/Src/system_stm32g4xx.o
 .debug_line    0x00003cab       0x7b ./Core/Startup/startup_stm32g474retx.o
 .debug_line    0x00003d26      0xb92 ./Drivers/STM32G4xx_HAL_Driver/Src/stm32g4xx_hal.o
 .debug_line    0x000048b8      0xcfb ./Drivers/STM32G4xx_HAL_Driver/Src/stm32g4xx_hal_cortex.o
 .debug_line    0x000055b3      0xebc ./Drivers/STM32G4xx_HAL_Driver/Src/stm32g4xx_hal_dma.o
 .debug_line    0x0000646f      0xbab ./Drivers/STM32G4xx_HAL_Driver/Src/stm32g4xx_hal_gpio.o
 .debug_line    0x0000701a      0xd01 ./Drivers/STM32G4xx_HAL_Driver/Src/stm32g4xx_hal_pwr_ex.o
 .debug_line    0x00007d1b      0xf5d ./Drivers/STM32G4xx_HAL_Driver/Src/stm32g4xx_hal_rcc.o
 .debug_line    0x00008c78     0x126d ./Drivers/STM32G4xx_HAL_Driver/Src/stm32g4xx_hal_rcc_ex.o
 .debug_line    0x00009ee5     0x4433 ./Drivers/STM32G4xx_HAL_Driver/Src/stm32g4xx_hal_tim.o
 .debug_line    0x0000e318     0x21b6 ./Drivers/STM32G4xx_HAL_Driver/Src/stm32g4xx_hal_tim_ex.o
 .debug_line    0x000104ce     0x3e9d ./Drivers/STM32G4xx_HAL_Driver/Src/stm32g4xx_hal_uart.o
 .debug_line    0x0001436b      0xdc5 ./Drivers/STM32G4xx_HAL_Driver/Src/stm32g4xx_hal_uart_ex.o

.debug_str      0x00000000    0xfe04c
 .debug_str     0x00000000    0xf6fe5 ./Core/Src/ModBusRTU.o
                              0xf763e (size before relaxing)
 .debug_str     0x000f6fe5     0x2dad ./Core/Src/main.o
                              0xf9c7d (size before relaxing)
 .debug_str     0x000f9d92      0x305 ./Core/Src/stm32g4xx_hal_msp.o
                              0xf4485 (size before relaxing)
 .debug_str     0x000fa097      0x1ae ./Core/Src/stm32g4xx_it.o
                              0xf3ac4 (size before relaxing)
 .debug_str     0x000fa245       0xdb ./Core/Src/system_stm32g4xx.o
                              0xf2da6 (size before relaxing)
 .debug_str     0x000fa320       0x44 ./Core/Startup/startup_stm32g474retx.o
                                 0x82 (size before relaxing)
 .debug_str     0x000fa364      0x5e1 ./Drivers/STM32G4xx_HAL_Driver/Src/stm32g4xx_hal.o
                              0xf3ab8 (size before relaxing)
 .debug_str     0x000fa945      0x313 ./Drivers/STM32G4xx_HAL_Driver/Src/stm32g4xx_hal_cortex.o
                              0xf373c (size before relaxing)
 .debug_str     0x000fac58      0x29f ./Drivers/STM32G4xx_HAL_Driver/Src/stm32g4xx_hal_dma.o
                              0xf3180 (size before relaxing)
 .debug_str     0x000faef7      0x10a ./Drivers/STM32G4xx_HAL_Driver/Src/stm32g4xx_hal_gpio.o
                              0xf2f31 (size before relaxing)
 .debug_str     0x000fb001      0x4a5 ./Drivers/STM32G4xx_HAL_Driver/Src/stm32g4xx_hal_pwr_ex.o
                              0xf3294 (size before relaxing)
 .debug_str     0x000fb4a6      0x506 ./Drivers/STM32G4xx_HAL_Driver/Src/stm32g4xx_hal_rcc.o
                              0xf34c5 (size before relaxing)
 .debug_str     0x000fb9ac      0x40b ./Drivers/STM32G4xx_HAL_Driver/Src/stm32g4xx_hal_rcc_ex.o
                              0xf34ef (size before relaxing)
 .debug_str     0x000fbdb7      0xdd9 ./Drivers/STM32G4xx_HAL_Driver/Src/stm32g4xx_hal_tim.o
                              0xf4a07 (size before relaxing)
 .debug_str     0x000fcb90      0x8aa ./Drivers/STM32G4xx_HAL_Driver/Src/stm32g4xx_hal_tim_ex.o
                              0xf41db (size before relaxing)
 .debug_str     0x000fd43a      0x9ae ./Drivers/STM32G4xx_HAL_Driver/Src/stm32g4xx_hal_uart.o
                              0xf40d3 (size before relaxing)
 .debug_str     0x000fdde8      0x264 ./Drivers/STM32G4xx_HAL_Driver/Src/stm32g4xx_hal_uart_ex.o
                              0xf367a (size before relaxing)

.comment        0x00000000       0x43
 .comment       0x00000000       0x43 ./Core/Src/ModBusRTU.o
                                 0x44 (size before relaxing)
 .comment       0x00000043       0x44 ./Core/Src/main.o
 .comment       0x00000043       0x44 ./Core/Src/stm32g4xx_hal_msp.o
 .comment       0x00000043       0x44 ./Core/Src/stm32g4xx_it.o
 .comment       0x00000043       0x44 ./Core/Src/system_stm32g4xx.o
 .comment       0x00000043       0x44 ./Drivers/STM32G4xx_HAL_Driver/Src/stm32g4xx_hal.o
 .comment       0x00000043       0x44 ./Drivers/STM32G4xx_HAL_Driver/Src/stm32g4xx_hal_cortex.o
 .comment       0x00000043       0x44 ./Drivers/STM32G4xx_HAL_Driver/Src/stm32g4xx_hal_dma.o
 .comment       0x00000043       0x44 ./Drivers/STM32G4xx_HAL_Driver/Src/stm32g4xx_hal_gpio.o
 .comment       0x00000043       0x44 ./Drivers/STM32G4xx_HAL_Driver/Src/stm32g4xx_hal_pwr_ex.o
 .comment       0x00000043       0x44 ./Drivers/STM32G4xx_HAL_Driver/Src/stm32g4xx_hal_rcc.o
 .comment       0x00000043       0x44 ./Drivers/STM32G4xx_HAL_Driver/Src/stm32g4xx_hal_rcc_ex.o
 .comment       0x00000043       0x44 ./Drivers/STM32G4xx_HAL_Driver/Src/stm32g4xx_hal_tim.o
 .comment       0x00000043       0x44 ./Drivers/STM32G4xx_HAL_Driver/Src/stm32g4xx_hal_tim_ex.o
 .comment       0x00000043       0x44 ./Drivers/STM32G4xx_HAL_Driver/Src/stm32g4xx_hal_uart.o
 .comment       0x00000043       0x44 ./Drivers/STM32G4xx_HAL_Driver/Src/stm32g4xx_hal_uart_ex.o

.debug_frame    0x00000000     0x4ce0
 .debug_frame   0x00000000      0x1a0 ./Core/Src/ModBusRTU.o
 .debug_frame   0x000001a0      0x3c0 ./Core/Src/main.o
 .debug_frame   0x00000560      0x134 ./Core/Src/stm32g4xx_hal_msp.o
 .debug_frame   0x00000694      0x1c8 ./Core/Src/stm32g4xx_it.o
 .debug_frame   0x0000085c       0x58 ./Core/Src/system_stm32g4xx.o
 .debug_frame   0x000008b4      0x500 ./Drivers/STM32G4xx_HAL_Driver/Src/stm32g4xx_hal.o
 .debug_frame   0x00000db4      0x498 ./Drivers/STM32G4xx_HAL_Driver/Src/stm32g4xx_hal_cortex.o
 .debug_frame   0x0000124c      0x24c ./Drivers/STM32G4xx_HAL_Driver/Src/stm32g4xx_hal_dma.o
 .debug_frame   0x00001498      0x14c ./Drivers/STM32G4xx_HAL_Driver/Src/stm32g4xx_hal_gpio.o
 .debug_frame   0x000015e4      0x4fc ./Drivers/STM32G4xx_HAL_Driver/Src/stm32g4xx_hal_pwr_ex.o
 .debug_frame   0x00001ae0      0x23c ./Drivers/STM32G4xx_HAL_Driver/Src/stm32g4xx_hal_rcc.o
 .debug_frame   0x00001d1c      0x2ac ./Drivers/STM32G4xx_HAL_Driver/Src/stm32g4xx_hal_rcc_ex.o
 .debug_frame   0x00001fc8     0x1298 ./Drivers/STM32G4xx_HAL_Driver/Src/stm32g4xx_hal_tim.o
 .debug_frame   0x00003260      0xa70 ./Drivers/STM32G4xx_HAL_Driver/Src/stm32g4xx_hal_tim_ex.o
 .debug_frame   0x00003cd0      0xb5c ./Drivers/STM32G4xx_HAL_Driver/Src/stm32g4xx_hal_uart.o
 .debug_frame   0x0000482c      0x2c0 ./Drivers/STM32G4xx_HAL_Driver/Src/stm32g4xx_hal_uart_ex.o
 .debug_frame   0x00004aec       0x20 C:/ST/STM32CubeIDE_1.14.1/STM32CubeIDE/plugins/com.st.stm32cube.ide.mcu.externaltools.gnu-tools-for-stm32.12.3.rel1.win32_1.0.100.202403111256/tools/bin/../lib/gcc/arm-none-eabi/12.3.1/../../../../arm-none-eabi/lib/thumb/v7e-m+fp/hard\libc_nano.a(libc_a-memset.o)
 .debug_frame   0x00004b0c       0x2c C:/ST/STM32CubeIDE_1.14.1/STM32CubeIDE/plugins/com.st.stm32cube.ide.mcu.externaltools.gnu-tools-for-stm32.12.3.rel1.win32_1.0.100.202403111256/tools/bin/../lib/gcc/arm-none-eabi/12.3.1/../../../../arm-none-eabi/lib/thumb/v7e-m+fp/hard\libc_nano.a(libc_a-init.o)
 .debug_frame   0x00004b38       0x28 C:/ST/STM32CubeIDE_1.14.1/STM32CubeIDE/plugins/com.st.stm32cube.ide.mcu.externaltools.gnu-tools-for-stm32.12.3.rel1.win32_1.0.100.202403111256/tools/bin/../lib/gcc/arm-none-eabi/12.3.1/../../../../arm-none-eabi/lib/thumb/v7e-m+fp/hard\libc_nano.a(libc_a-memcpy-stub.o)
 .debug_frame   0x00004b60       0xac C:/ST/STM32CubeIDE_1.14.1/STM32CubeIDE/plugins/com.st.stm32cube.ide.mcu.externaltools.gnu-tools-for-stm32.12.3.rel1.win32_1.0.100.202403111256/tools/bin/../lib/gcc/arm-none-eabi/12.3.1/thumb/v7e-m+fp/hard\libgcc.a(_arm_addsubdf3.o)
 .debug_frame   0x00004c0c       0x50 C:/ST/STM32CubeIDE_1.14.1/STM32CubeIDE/plugins/com.st.stm32cube.ide.mcu.externaltools.gnu-tools-for-stm32.12.3.rel1.win32_1.0.100.202403111256/tools/bin/../lib/gcc/arm-none-eabi/12.3.1/thumb/v7e-m+fp/hard\libgcc.a(_arm_muldivdf3.o)
 .debug_frame   0x00004c5c       0x24 C:/ST/STM32CubeIDE_1.14.1/STM32CubeIDE/plugins/com.st.stm32cube.ide.mcu.externaltools.gnu-tools-for-stm32.12.3.rel1.win32_1.0.100.202403111256/tools/bin/../lib/gcc/arm-none-eabi/12.3.1/thumb/v7e-m+fp/hard\libgcc.a(_arm_fixdfsi.o)
 .debug_frame   0x00004c80       0x2c C:/ST/STM32CubeIDE_1.14.1/STM32CubeIDE/plugins/com.st.stm32cube.ide.mcu.externaltools.gnu-tools-for-stm32.12.3.rel1.win32_1.0.100.202403111256/tools/bin/../lib/gcc/arm-none-eabi/12.3.1/thumb/v7e-m+fp/hard\libgcc.a(_aeabi_uldivmod.o)
 .debug_frame   0x00004cac       0x34 C:/ST/STM32CubeIDE_1.14.1/STM32CubeIDE/plugins/com.st.stm32cube.ide.mcu.externaltools.gnu-tools-for-stm32.12.3.rel1.win32_1.0.100.202403111256/tools/bin/../lib/gcc/arm-none-eabi/12.3.1/thumb/v7e-m+fp/hard\libgcc.a(_udivmoddi4.o)

.debug_line_str
                0x00000000       0x66
 .debug_line_str
                0x00000000       0x66 ./Core/Startup/startup_stm32g474retx.o
